Release 14.7 - xst P.20131013 (nt64)
Copyright (c) 1995-2013 Xilinx, Inc.  All rights reserved.
--> Parameter TMPDIR set to xst/projnav.tmp


Total REAL time to Xst completion: 0.00 secs
Total CPU time to Xst completion: 0.09 secs
 
--> Parameter xsthdpdir set to xst


Total REAL time to Xst completion: 0.00 secs
Total CPU time to Xst completion: 0.09 secs
 
--> Reading design: schemat.prj

TABLE OF CONTENTS
  1) Synthesis Options Summary
  2) HDL Compilation
  3) Design Hierarchy Analysis
  4) HDL Analysis
  5) HDL Synthesis
     5.1) HDL Synthesis Report
  6) Advanced HDL Synthesis
     6.1) Advanced HDL Synthesis Report
  7) Low Level Synthesis
  8) Partition Report
  9) Final Report
	9.1) Device utilization summary
	9.2) Partition Resource Summary
	9.3) TIMING REPORT


=========================================================================
*                      Synthesis Options Summary                        *
=========================================================================
---- Source Parameters
Input File Name                    : "schemat.prj"
Input Format                       : mixed
Ignore Synthesis Constraint File   : NO

---- Target Parameters
Output File Name                   : "schemat"
Output Format                      : NGC
Target Device                      : xc3s500e-4-fg320

---- Source Options
Top Module Name                    : schemat
Automatic FSM Extraction           : YES
FSM Encoding Algorithm             : Auto
Safe Implementation                : No
FSM Style                          : LUT
RAM Extraction                     : Yes
RAM Style                          : Auto
ROM Extraction                     : Yes
Mux Style                          : Auto
Decoder Extraction                 : YES
Priority Encoder Extraction        : Yes
Shift Register Extraction          : YES
Logical Shifter Extraction         : YES
XOR Collapsing                     : YES
ROM Style                          : Auto
Mux Extraction                     : Yes
Resource Sharing                   : YES
Asynchronous To Synchronous        : NO
Multiplier Style                   : Auto
Automatic Register Balancing       : No

---- Target Options
Add IO Buffers                     : YES
Global Maximum Fanout              : 100000
Add Generic Clock Buffer(BUFG)     : 24
Register Duplication               : YES
Slice Packing                      : YES
Optimize Instantiated Primitives   : NO
Use Clock Enable                   : Yes
Use Synchronous Set                : Yes
Use Synchronous Reset              : Yes
Pack IO Registers into IOBs        : Auto
Equivalent register Removal        : YES

---- General Options
Optimization Goal                  : Speed
Optimization Effort                : 1
Keep Hierarchy                     : No
Netlist Hierarchy                  : As_Optimized
RTL Output                         : Yes
Global Optimization                : AllClockNets
Read Cores                         : YES
Write Timing Constraints           : NO
Cross Clock Analysis               : NO
Hierarchy Separator                : /
Bus Delimiter                      : <>
Case Specifier                     : Maintain
Slice Utilization Ratio            : 100
BRAM Utilization Ratio             : 100
Verilog 2001                       : YES
Auto BRAM Packing                  : NO
Slice Utilization Ratio Delta      : 5

---- Other Options
Cores Search Directories           : {"sources"  }

=========================================================================


=========================================================================
*                          HDL Compilation                              *
=========================================================================
Compiling vhdl file "C:/Users/lab/Downloads/UCISW2-OLED-main (1)/UCISW2-OLED-main/UCISW2_OLED_PROJECT/sources/Memory.vhd" in Library work.
Architecture behavioral of Entity memory is up to date.
Compiling vhdl file "C:/Users/lab/Downloads/UCISW2-OLED-main (1)/UCISW2-OLED-main/UCISW2_OLED_PROJECT/sources/OLED_Ctrl.vhd" in Library work.
Architecture behavioral of Entity oled_ctrl is up to date.
Compiling vhdl file "C:/Users/lab/Downloads/UCISW2-OLED-main (1)/UCISW2-OLED-main/UCISW2_OLED_PROJECT/sources/I2C_Master.vhd" in Library work.
Architecture structure of Entity i2c_master is up to date.
Compiling vhdl file "C:/Users/lab/Downloads/UCISW2-OLED-main (1)/UCISW2-OLED-main/UCISW2_OLED_PROJECT/sources/GameModule.vhd" in Library work.
Entity <gamemodule> compiled.
Entity <gamemodule> (Architecture <behavioral>) compiled.
Compiling vhdl file "C:/Users/lab/Downloads/UCISW2-OLED-main (1)/UCISW2-OLED-main/UCISW2_OLED_PROJECT/sources/Keyboard_Decoder.vhd" in Library work.
Architecture rtl of Entity keyboard_decoder is up to date.
Compiling vhdl file "C:/Users/lab/Downloads/UCISW2-OLED-main (1)/UCISW2-OLED-main/UCISW2_OLED_PROJECT/schemat.vhf" in Library work.
Architecture behavioral of Entity ifd_mxilinx_schemat is up to date.
Architecture behavioral of Entity schemat is up to date.

=========================================================================
*                     Design Hierarchy Analysis                         *
=========================================================================
Analyzing hierarchy for entity <schemat> in library <work> (architecture <behavioral>).

Analyzing hierarchy for entity <Memory> in library <work> (architecture <behavioral>).

Analyzing hierarchy for entity <OLED_Ctrl> in library <work> (architecture <behavioral>).

Analyzing hierarchy for entity <IFD_MXILINX_schemat> in library <work> (architecture <behavioral>) with generics.
	INIT = '0'

Analyzing hierarchy for entity <I2C_Master> in library <work> (architecture <structure>).

Analyzing hierarchy for entity <GameModule> in library <work> (architecture <behavioral>).

Analyzing hierarchy for entity <Keyboard_Decoder> in library <work> (architecture <rtl>).


=========================================================================
*                            HDL Analysis                               *
=========================================================================
Analyzing Entity <schemat> in library <work> (Architecture <behavioral>).
WARNING:Xst:753 - "C:/Users/lab/Downloads/UCISW2-OLED-main (1)/UCISW2-OLED-main/UCISW2_OLED_PROJECT/schemat.vhf" line 257: Unconnected output port 'Busy' of component 'OLED_Ctrl'.
    Set user-defined property "HU_SET =  XLXI_5_1" for instance <XLXI_5> in unit <schemat>.
WARNING:Xst:753 - "C:/Users/lab/Downloads/UCISW2-OLED-main (1)/UCISW2-OLED-main/UCISW2_OLED_PROJECT/schemat.vhf" line 274: Unconnected output port 'NACK' of component 'I2C_Master'.
WARNING:Xst:753 - "C:/Users/lab/Downloads/UCISW2-OLED-main (1)/UCISW2-OLED-main/UCISW2_OLED_PROJECT/schemat.vhf" line 274: Unconnected output port 'FIFO_Empty' of component 'I2C_Master'.
WARNING:Xst:753 - "C:/Users/lab/Downloads/UCISW2-OLED-main (1)/UCISW2-OLED-main/UCISW2_OLED_PROJECT/schemat.vhf" line 274: Unconnected output port 'FIFO_DO' of component 'I2C_Master'.
    Set user-defined property "HU_SET =  XLXI_8_0" for instance <XLXI_8> in unit <schemat>.
WARNING:Xst:2211 - "C:/Users/lab/Downloads/UCISW2-OLED-main (1)/UCISW2-OLED-main/UCISW2_OLED_PROJECT/schemat.vhf" line 319: Instantiating black box module <PS2_Kbd>.
WARNING:Xst:2211 - "C:/Users/lab/Downloads/UCISW2-OLED-main (1)/UCISW2-OLED-main/UCISW2_OLED_PROJECT/schemat.vhf" line 329: Instantiating black box module <LCD2x64>.
Entity <schemat> analyzed. Unit <schemat> generated.

Analyzing Entity <Memory> in library <work> (Architecture <behavioral>).
Entity <Memory> analyzed. Unit <Memory> generated.

Analyzing Entity <OLED_Ctrl> in library <work> (Architecture <behavioral>).
WARNING:Xst:790 - "C:/Users/lab/Downloads/UCISW2-OLED-main (1)/UCISW2-OLED-main/UCISW2_OLED_PROJECT/sources/OLED_Ctrl.vhd" line 134: Index value(s) does not match array range, simulation mismatch.
Entity <OLED_Ctrl> analyzed. Unit <OLED_Ctrl> generated.

Analyzing generic Entity <IFD_MXILINX_schemat> in library <work> (Architecture <behavioral>).
	INIT = '0'
    Set user-defined property "INIT =  0" for instance <I_36_15> in unit <IFD_MXILINX_schemat>.
    Set user-defined property "IOB =  TRUE" for instance <I_36_15> in unit <IFD_MXILINX_schemat>.
    Set user-defined property "IBUF_DELAY_VALUE =  0" for instance <I_36_24> in unit <IFD_MXILINX_schemat>.
    Set user-defined property "IFD_DELAY_VALUE =  AUTO" for instance <I_36_24> in unit <IFD_MXILINX_schemat>.
    Set user-defined property "IOSTANDARD =  DEFAULT" for instance <I_36_24> in unit <IFD_MXILINX_schemat>.
Entity <IFD_MXILINX_schemat> analyzed. Unit <IFD_MXILINX_schemat> generated.

Analyzing Entity <I2C_Master> in library <work> (Architecture <structure>).
    Set user-defined property "INIT =  0" for instance <RdNotWr> in unit <I2C_Master>.
    Set user-defined property "INIT =  0" for instance <sregOut_0> in unit <I2C_Master>.
    Set user-defined property "INIT =  0" for instance <sregOut_1> in unit <I2C_Master>.
    Set user-defined property "INIT =  0" for instance <sregOut_2> in unit <I2C_Master>.
    Set user-defined property "INIT =  0" for instance <sregOut_3> in unit <I2C_Master>.
    Set user-defined property "INIT =  0" for instance <sregOut_4> in unit <I2C_Master>.
    Set user-defined property "INIT =  0" for instance <sregOut_5> in unit <I2C_Master>.
    Set user-defined property "INIT =  0" for instance <sregOut_6> in unit <I2C_Master>.
    Set user-defined property "INIT =  0" for instance <sregOut_7> in unit <I2C_Master>.
    Set user-defined property "INIT =  0" for instance <NACK_12> in unit <I2C_Master>.
    Set user-defined property "INIT =  0" for instance <sregIn_0> in unit <I2C_Master>.
    Set user-defined property "INIT =  0" for instance <sregIn_1> in unit <I2C_Master>.
    Set user-defined property "INIT =  0" for instance <sregIn_2> in unit <I2C_Master>.
    Set user-defined property "INIT =  0" for instance <sregIn_3> in unit <I2C_Master>.
    Set user-defined property "INIT =  0" for instance <sregIn_4> in unit <I2C_Master>.
    Set user-defined property "INIT =  0" for instance <sregIn_5> in unit <I2C_Master>.
    Set user-defined property "INIT =  0" for instance <sregIn_6> in unit <I2C_Master>.
    Set user-defined property "INIT =  0" for instance <sregIn_7> in unit <I2C_Master>.
    Set user-defined property "INIT =  0" for instance <cntBits_0> in unit <I2C_Master>.
    Set user-defined property "INIT =  0" for instance <cntBits_1> in unit <I2C_Master>.
    Set user-defined property "INIT =  0" for instance <cntBits_2> in unit <I2C_Master>.
    Set user-defined property "INIT =  0" for instance <cntBits_3> in unit <I2C_Master>.
    Set user-defined property "INIT =  0" for instance <cntSCL_0> in unit <I2C_Master>.
    Set user-defined property "INIT =  0" for instance <cntSCL_1> in unit <I2C_Master>.
    Set user-defined property "INIT =  0" for instance <cntSCL_2> in unit <I2C_Master>.
    Set user-defined property "INIT =  0" for instance <cntSCL_3> in unit <I2C_Master>.
    Set user-defined property "INIT =  0" for instance <cntSCL_4> in unit <I2C_Master>.
    Set user-defined property "INIT =  0" for instance <cntSCL_5> in unit <I2C_Master>.
    Set user-defined property "INIT =  0" for instance <cntSCL_6> in unit <I2C_Master>.
    Set user-defined property "INIT =  0" for instance <cntSCL_7> in unit <I2C_Master>.
    Set user-defined property "INIT =  0" for instance <cntBytes_0> in unit <I2C_Master>.
    Set user-defined property "INIT =  0" for instance <cntBytes_1> in unit <I2C_Master>.
    Set user-defined property "INIT =  0" for instance <cntBytes_2> in unit <I2C_Master>.
    Set user-defined property "INIT =  0" for instance <cntBytes_3> in unit <I2C_Master>.
    Set user-defined property "CAPACITANCE =  DONT_CARE" for instance <IOB1> in unit <I2C_Master>.
    Set user-defined property "DRIVE =  12" for instance <IOB1> in unit <I2C_Master>.
    Set user-defined property "IBUF_DELAY_VALUE =  0" for instance <IOB1> in unit <I2C_Master>.
    Set user-defined property "IBUF_LOW_PWR =  TRUE" for instance <IOB1> in unit <I2C_Master>.
    Set user-defined property "IFD_DELAY_VALUE =  AUTO" for instance <IOB1> in unit <I2C_Master>.
    Set user-defined property "IOSTANDARD =  DEFAULT" for instance <IOB1> in unit <I2C_Master>.
    Set user-defined property "SLEW =  20" for instance <IOB1> in unit <I2C_Master>.
    Set user-defined property "CAPACITANCE =  DONT_CARE" for instance <IOB2> in unit <I2C_Master>.
    Set user-defined property "DRIVE =  12" for instance <IOB2> in unit <I2C_Master>.
    Set user-defined property "IBUF_DELAY_VALUE =  0" for instance <IOB2> in unit <I2C_Master>.
    Set user-defined property "IBUF_LOW_PWR =  TRUE" for instance <IOB2> in unit <I2C_Master>.
    Set user-defined property "IFD_DELAY_VALUE =  AUTO" for instance <IOB2> in unit <I2C_Master>.
    Set user-defined property "IOSTANDARD =  DEFAULT" for instance <IOB2> in unit <I2C_Master>.
    Set user-defined property "SLEW =  20" for instance <IOB2> in unit <I2C_Master>.
    Set user-defined property "INIT =  0" for instance <state_FSM_FFd3> in unit <I2C_Master>.
    Set user-defined property "INIT =  0" for instance <state_FSM_FFd1> in unit <I2C_Master>.
    Set user-defined property "INIT =  1" for instance <state_FSM_FFd6> in unit <I2C_Master>.
    Set user-defined property "INIT =  0" for instance <state_FSM_FFd4> in unit <I2C_Master>.
    Set user-defined property "INIT =  0" for instance <i_FIFO_addrWr_3> in unit <I2C_Master>.
    Set user-defined property "INIT =  0" for instance <i_FIFO_addrWr_2> in unit <I2C_Master>.
    Set user-defined property "INIT =  0" for instance <i_FIFO_addrWr_1> in unit <I2C_Master>.
    Set user-defined property "INIT =  0" for instance <i_FIFO_addrWr_0> in unit <I2C_Master>.
    Set user-defined property "INIT =  0" for instance <i_FIFO_addrRd_3> in unit <I2C_Master>.
    Set user-defined property "INIT =  0" for instance <i_FIFO_addrRd_2> in unit <I2C_Master>.
    Set user-defined property "INIT =  0" for instance <i_FIFO_addrRd_1> in unit <I2C_Master>.
    Set user-defined property "INIT =  0" for instance <i_FIFO_addrRd_0> in unit <I2C_Master>.
    Set user-defined property "INIT =  0000" for instance <i_FIFO_Mram_RAM8> in unit <I2C_Master>.
    Set user-defined property "INIT =  0000" for instance <i_FIFO_Mram_RAM7> in unit <I2C_Master>.
    Set user-defined property "INIT =  0000" for instance <i_FIFO_Mram_RAM6> in unit <I2C_Master>.
    Set user-defined property "INIT =  0000" for instance <i_FIFO_Mram_RAM5> in unit <I2C_Master>.
    Set user-defined property "INIT =  0000" for instance <i_FIFO_Mram_RAM4> in unit <I2C_Master>.
    Set user-defined property "INIT =  0000" for instance <i_FIFO_Mram_RAM3> in unit <I2C_Master>.
    Set user-defined property "INIT =  0000" for instance <i_FIFO_Mram_RAM2> in unit <I2C_Master>.
    Set user-defined property "INIT =  0000" for instance <i_FIFO_Mram_RAM1> in unit <I2C_Master>.
    Set user-defined property "INIT =  0" for instance <i_FIFO_iFull> in unit <I2C_Master>.
    Set user-defined property "INIT =  1" for instance <i_FIFO_iEmpty> in unit <I2C_Master>.
    Set user-defined property "INIT =  6" for instance <Mcount_cntBits_xor_1_11> in unit <I2C_Master>.
    Set user-defined property "INIT =  6A" for instance <Mcount_cntBits_xor_2_11> in unit <I2C_Master>.
    Set user-defined property "INIT =  6AAA" for instance <Mcount_cntBits_xor_3_11> in unit <I2C_Master>.
    Set user-defined property "INIT =  8" for instance <RdNotWr_and00001> in unit <I2C_Master>.
    Set user-defined property "INIT =  EB41" for instance <Mcount_cntBytes_xor_1_11> in unit <I2C_Master>.
    Set user-defined property "INIT =  0080" for instance <NACK_and00007> in unit <I2C_Master>.
    Set user-defined property "INIT =  FE54" for instance <sregOut_mux0000_0_1> in unit <I2C_Master>.
    Set user-defined property "INIT =  FFBF" for instance <SCLout_mux00008> in unit <I2C_Master>.
    Set user-defined property "INIT =  7" for instance <SCLout_mux000017> in unit <I2C_Master>.
    Set user-defined property "INIT =  FFFB" for instance <SCLout_mux000021> in unit <I2C_Master>.
    Set user-defined property "INIT =  C040" for instance <SCLout_mux000061> in unit <I2C_Master>.
    Set user-defined property "INIT =  0080" for instance <sregIn_and00001> in unit <I2C_Master>.
    Set user-defined property "INIT =  8" for instance <SDAout_mux0003426> in unit <I2C_Master>.
    Set user-defined property "INIT =  8F88" for instance <state_FSM_FFd4_In1> in unit <I2C_Master>.
    Set user-defined property "INIT =  EA" for instance <state_FSM_FFd2_In2> in unit <I2C_Master>.
    Set user-defined property "INIT =  08" for instance <state_FSM_FFd2_In12> in unit <I2C_Master>.
    Set user-defined property "INIT =  2232" for instance <state_FSM_FFd2_In26> in unit <I2C_Master>.
    Set user-defined property "INIT =  0080" for instance <SDAout_mux00038> in unit <I2C_Master>.
    Set user-defined property "INIT =  1" for instance <SDAout_mux000316> in unit <I2C_Master>.
    Set user-defined property "INIT =  FF10" for instance <SDAout_mux000325> in unit <I2C_Master>.
    Set user-defined property "INIT =  F888" for instance <SDAout_mux0003431> in unit <I2C_Master>.
    Set user-defined property "INIT =  FFFE" for instance <SDAout_mux000393> in unit <I2C_Master>.
    Set user-defined property "INIT =  F7FF" for instance <SDAout_mux0003112> in unit <I2C_Master>.
    Set user-defined property "INIT =  E" for instance <SDAout_mux0003139> in unit <I2C_Master>.
    Set user-defined property "INIT =  FFD8" for instance <SDAout_mux0003180> in unit <I2C_Master>.
    Set user-defined property "INIT =  6" for instance <i_FIFO_Result_1_11> in unit <I2C_Master>.
    Set user-defined property "INIT =  6" for instance <i_FIFO_Result_1_1> in unit <I2C_Master>.
    Set user-defined property "INIT =  F7FF" for instance <cntBytes_not0001_SW0> in unit <I2C_Master>.
    Set user-defined property "INIT =  F2F0" for instance <cntBytes_not0001> in unit <I2C_Master>.
    Set user-defined property "INIT =  FA8A" for instance <state_FSM_FFd3_In> in unit <I2C_Master>.
    Set user-defined property "INIT =  A888" for instance <state_FSM_FFd1_In_SW0> in unit <I2C_Master>.
    Set user-defined property "INIT =  FD20" for instance <state_FSM_FFd1_In> in unit <I2C_Master>.
    Set user-defined property "INIT =  E" for instance <cntSCL_or00001> in unit <I2C_Master>.
    Set user-defined property "INIT =  BA" for instance <cntBits_or00001> in unit <I2C_Master>.
    Set user-defined property "INIT =  FFFD" for instance <sregOut_not000111> in unit <I2C_Master>.
    Set user-defined property "INIT =  FEAE" for instance <sregOut_not0001> in unit <I2C_Master>.
    Set user-defined property "INIT =  90" for instance <i_FIFO_iFull_and000076> in unit <I2C_Master>.
    Set user-defined property "INIT =  80" for instance <i_FIFO_iFull_and000096> in unit <I2C_Master>.
    Set user-defined property "INIT =  3237" for instance <i_FIFO_DoPop> in unit <I2C_Master>.
    Set user-defined property "INIT =  5444" for instance <i_FIFO_DoPush40> in unit <I2C_Master>.
    Set user-defined property "INIT =  1" for instance <SCLout> in unit <I2C_Master>.
    Set user-defined property "INIT =  A8" for instance <SCLout_mux0000721> in unit <I2C_Master>.
    Set user-defined property "INIT =  1" for instance <SDAout> in unit <I2C_Master>.
    Set user-defined property "INIT =  0" for instance <state_FSM_FFd5> in unit <I2C_Master>.
    Set user-defined property "INIT =  0" for instance <state_FSM_FFd2> in unit <I2C_Master>.
    Set user-defined property "INIT =  2" for instance <Mcount_cntSCL_cy_1_rt> in unit <I2C_Master>.
    Set user-defined property "INIT =  2" for instance <Mcount_cntSCL_cy_2_rt> in unit <I2C_Master>.
    Set user-defined property "INIT =  2" for instance <Mcount_cntSCL_cy_3_rt> in unit <I2C_Master>.
    Set user-defined property "INIT =  2" for instance <Mcount_cntSCL_cy_4_rt> in unit <I2C_Master>.
    Set user-defined property "INIT =  2" for instance <Mcount_cntSCL_cy_5_rt> in unit <I2C_Master>.
    Set user-defined property "INIT =  2" for instance <Mcount_cntSCL_cy_6_rt> in unit <I2C_Master>.
    Set user-defined property "INIT =  2" for instance <Mcount_cntSCL_xor_7_rt> in unit <I2C_Master>.
    Set user-defined property "INIT =  1" for instance <i_FIFO_DoPop_SW2> in unit <I2C_Master>.
    Set user-defined property "INIT =  ABFB" for instance <i_FIFO_iFull_or00001> in unit <I2C_Master>.
    Set user-defined property "INIT =  B" for instance <SDAout_mux000332_SW0> in unit <I2C_Master>.
    Set user-defined property "INIT =  0020" for instance <sclEnd_cmp_eq00001> in unit <I2C_Master>.
    Set user-defined property "INIT =  ECA0" for instance <SDAout_mux00032041> in unit <I2C_Master>.
    Set user-defined property "INIT =  0040" for instance <i_FIFO_DoPush13> in unit <I2C_Master>.
    Set user-defined property "INIT =  FFBF" for instance <sclEnd_cmp_eq00001_SW0> in unit <I2C_Master>.
    Set user-defined property "INIT =  2148" for instance <i_FIFO_iFull_and000071> in unit <I2C_Master>.
    Set user-defined property "INIT =  6AAA" for instance <i_FIFO_Result_3_2> in unit <I2C_Master>.
    Set user-defined property "INIT =  6AAA" for instance <i_FIFO_Result_3_11> in unit <I2C_Master>.
    Set user-defined property "INIT =  69C3" for instance <i_FIFO_iEmpty_and000058> in unit <I2C_Master>.
    Set user-defined property "INIT =  8000" for instance <sregOut_not0001_SW0> in unit <I2C_Master>.
    Set user-defined property "INIT =  69" for instance <i_FIFO_iEmpty_and000067> in unit <I2C_Master>.
    Set user-defined property "INIT =  AE" for instance <i_FIFO_DoPush40_SW0> in unit <I2C_Master>.
    Set user-defined property "INIT =  D" for instance <i_FIFO_DoPush40_SW1> in unit <I2C_Master>.
    Set user-defined property "INIT =  B8F0" for instance <i_FIFO_iEmpty_or00001> in unit <I2C_Master>.
    Set user-defined property "INIT =  FF01" for instance <SDAout_mux0003157_SW0> in unit <I2C_Master>.
    Set user-defined property "INIT =  028A" for instance <i_FIFO_iEmpty_and0000102> in unit <I2C_Master>.
    Set user-defined property "INIT =  69C3" for instance <i_FIFO_iFull_and000048> in unit <I2C_Master>.
    Set user-defined property "INIT =  D" for instance <NACK_and000020_SW0> in unit <I2C_Master>.
    Set user-defined property "INIT =  1000" for instance <NACK_and000022> in unit <I2C_Master>.
    Set user-defined property "INIT =  A8FF" for instance <i_FIFO_DoPop_SW3_G> in unit <I2C_Master>.
    Set user-defined property "INIT =  F1FF" for instance <i_FIFO_DoPop_SW4_G> in unit <I2C_Master>.
    Set user-defined property "INIT =  6A" for instance <i_FIFO_Result_2_11> in unit <I2C_Master>.
    Set user-defined property "INIT =  6A" for instance <i_FIFO_Result_2_1> in unit <I2C_Master>.
    Set user-defined property "INIT =  1000" for instance <SCLout_mux000063> in unit <I2C_Master>.
    Set user-defined property "INIT =  8F88" for instance <state_FSM_FFd5_In1> in unit <I2C_Master>.
    Set user-defined property "INIT =  B313" for instance <Mcount_cntBytes_xor_0_11> in unit <I2C_Master>.
    Set user-defined property "INIT =  FD20" for instance <DI_7_1> in unit <I2C_Master>.
    Set user-defined property "INIT =  FD20" for instance <DI_6_1> in unit <I2C_Master>.
    Set user-defined property "INIT =  FD20" for instance <DI_5_1> in unit <I2C_Master>.
    Set user-defined property "INIT =  FD20" for instance <DI_4_1> in unit <I2C_Master>.
    Set user-defined property "INIT =  FD20" for instance <DI_3_1> in unit <I2C_Master>.
    Set user-defined property "INIT =  FD20" for instance <DI_2_1> in unit <I2C_Master>.
    Set user-defined property "INIT =  FD20" for instance <DI_1_1> in unit <I2C_Master>.
    Set user-defined property "INIT =  FD20" for instance <DI_0_1> in unit <I2C_Master>.
    Set user-defined property "INIT =  C9" for instance <Mcount_cntBytes_xor_2_1_SW1> in unit <I2C_Master>.
    Set user-defined property "INIT =  EC4C" for instance <Mcount_cntBytes_xor_2_1> in unit <I2C_Master>.
    Set user-defined property "INIT =  AAA9" for instance <Mcount_cntBytes_xor_3_1_SW1> in unit <I2C_Master>.
    Set user-defined property "INIT =  EC4C" for instance <Mcount_cntBytes_xor_3_1> in unit <I2C_Master>.
    Set user-defined property "INIT =  EC4C" for instance <sregOut_mux0000_7_1> in unit <I2C_Master>.
    Set user-defined property "INIT =  EC4C" for instance <sregOut_mux0000_7_2> in unit <I2C_Master>.
    Set user-defined property "INIT =  EC4C" for instance <sregOut_mux0000_6_1> in unit <I2C_Master>.
    Set user-defined property "INIT =  EC4C" for instance <sregOut_mux0000_6_2> in unit <I2C_Master>.
    Set user-defined property "INIT =  EC4C" for instance <sregOut_mux0000_5_1> in unit <I2C_Master>.
    Set user-defined property "INIT =  EC4C" for instance <sregOut_mux0000_5_2> in unit <I2C_Master>.
    Set user-defined property "INIT =  EC4C" for instance <sregOut_mux0000_4_1> in unit <I2C_Master>.
    Set user-defined property "INIT =  EC4C" for instance <sregOut_mux0000_4_2> in unit <I2C_Master>.
    Set user-defined property "INIT =  EC4C" for instance <sregOut_mux0000_3_1> in unit <I2C_Master>.
    Set user-defined property "INIT =  EC4C" for instance <sregOut_mux0000_3_2> in unit <I2C_Master>.
    Set user-defined property "INIT =  EC4C" for instance <sregOut_mux0000_2_1> in unit <I2C_Master>.
    Set user-defined property "INIT =  EC4C" for instance <sregOut_mux0000_2_2> in unit <I2C_Master>.
    Set user-defined property "INIT =  EC4C" for instance <sregOut_mux0000_1_1> in unit <I2C_Master>.
    Set user-defined property "INIT =  EC4C" for instance <sregOut_mux0000_1_2> in unit <I2C_Master>.
    Set user-defined property "INIT =  FFFE" for instance <Mcount_cntBytes_xor_3_111> in unit <I2C_Master>.
    Set user-defined property "INIT =  0001" for instance <SDAout_mux0003412> in unit <I2C_Master>.
    Set user-defined property "INIT =  0001" for instance <SDAout_mux0003425> in unit <I2C_Master>.
    Set user-defined property "INIT =  B" for instance <SDAout_mux000337> in unit <I2C_Master>.
    Set user-defined property "INIT =  8" for instance <SDAout_mux000388> in unit <I2C_Master>.
    Set user-defined property "INIT =  7" for instance <SDAout_mux0003107> in unit <I2C_Master>.
    Set user-defined property "INIT =  F1" for instance <state_FSM_FFd3_In_SW0> in unit <I2C_Master>.
    Set user-defined property "INIT =  C404" for instance <sregOut_not0001_SW1> in unit <I2C_Master>.
    Set user-defined property "INIT =  08" for instance <SDAout_mux000332> in unit <I2C_Master>.
    Set user-defined property "INIT =  4000" for instance <NACK_and000011> in unit <I2C_Master>.
    Set user-defined property "INIT =  D" for instance <i_FIFO_DoPop_SW1> in unit <I2C_Master>.
    Set user-defined property "INIT =  FF7F" for instance <i_FIFO_DoPush13_SW0> in unit <I2C_Master>.
    Set user-defined property "INIT =  1000" for instance <SDAout_mux000358> in unit <I2C_Master>.
    Set user-defined property "INIT =  C4" for instance <i_FIFO_DoPush0> in unit <I2C_Master>.
    Set user-defined property "INIT =  FFFD" for instance <i_FIFO_DoPop_SW0> in unit <I2C_Master>.
    Set user-defined property "INIT =  FFFE" for instance <SDAout_mux0003157> in unit <I2C_Master>.
    Set user-defined property "INIT =  0990" for instance <i_FIFO_iEmpty_and0000102_SW0> in unit <I2C_Master>.
Entity <I2C_Master> analyzed. Unit <I2C_Master> generated.

Analyzing Entity <GameModule> in library <work> (Architecture <behavioral>).
Entity <GameModule> analyzed. Unit <GameModule> generated.

Analyzing Entity <Keyboard_Decoder> in library <work> (Architecture <rtl>).
Entity <Keyboard_Decoder> analyzed. Unit <Keyboard_Decoder> generated.


=========================================================================
*                           HDL Synthesis                               *
=========================================================================

Performing bidirectional port resolution...

Synthesizing Unit <Memory>.
    Related source file is "C:/Users/lab/Downloads/UCISW2-OLED-main (1)/UCISW2-OLED-main/UCISW2_OLED_PROJECT/sources/Memory.vhd".
    Found 1024x8-bit dual-port RAM <Mram_RAM> for signal <RAM>.
    Summary:
	inferred   1 RAM(s).
Unit <Memory> synthesized.


Synthesizing Unit <OLED_Ctrl>.
    Related source file is "C:/Users/lab/Downloads/UCISW2-OLED-main (1)/UCISW2-OLED-main/UCISW2_OLED_PROJECT/sources/OLED_Ctrl.vhd".
INFO:Xst:1799 - State swaitwrite is never reached in FSM <state>.
    Found finite state machine <FSM_0> for signal <state>.
    -----------------------------------------------------------------------
    | States             | 8                                              |
    | Transitions        | 13                                             |
    | Inputs             | 3                                              |
    | Outputs            | 6                                              |
    | Clock              | Clk                       (rising_edge)        |
    | Reset              | Reset                     (positive)           |
    | Reset type         | synchronous                                    |
    | Reset State        | sreset                                         |
    | Power Up State     | sreset                                         |
    | Encoding           | automatic                                      |
    | Implementation     | LUT                                            |
    -----------------------------------------------------------------------
    Found 4-bit up counter for signal <cntPush>.
    Found 10-bit up counter for signal <read_address_memory>.
    Summary:
	inferred   1 Finite State Machine(s).
	inferred   2 Counter(s).
Unit <OLED_Ctrl> synthesized.


Synthesizing Unit <GameModule>.
    Related source file is "C:/Users/lab/Downloads/UCISW2-OLED-main (1)/UCISW2-OLED-main/UCISW2_OLED_PROJECT/sources/GameModule.vhd".
WARNING:Xst:646 - Signal <y_help<2:0>> is assigned but never used. This unconnected signal will be trimmed during the optimization process.
    Found finite state machine <FSM_1> for signal <direction>.
    -----------------------------------------------------------------------
    | States             | 4                                              |
    | Transitions        | 16                                             |
    | Inputs             | 4                                              |
    | Outputs            | 4                                              |
    | Clock              | Clk                       (rising_edge)        |
    | Power Up State     | down                                           |
    | Encoding           | automatic                                      |
    | Implementation     | LUT                                            |
    -----------------------------------------------------------------------
    Found finite state machine <FSM_2> for signal <state>.
    -----------------------------------------------------------------------
    | States             | 8                                              |
    | Transitions        | 13                                             |
    | Inputs             | 4                                              |
    | Outputs            | 9                                              |
    | Clock              | Clk                       (rising_edge)        |
    | Reset              | Reset                     (positive)           |
    | Reset type         | synchronous                                    |
    | Reset State        | sresetvaluestodefault                          |
    | Power Up State     | swait                                          |
    | Encoding           | automatic                                      |
    | Implementation     | LUT                                            |
    -----------------------------------------------------------------------
    Using one-hot encoding for signal <game_state>.
    Found 1-bit register for signal <EnableWrite>.
    Found 10-bit register for signal <address_memory>.
    Found 10-bit adder for signal <address_memory$addsub0000> created at line 263.
    Found 13-bit register for signal <best_score>.
    Found 13-bit comparator greatequal for signal <best_score$cmp_ge0000> created at line 156.
    Found 24-bit up counter for signal <counter_delay>.
    Found 8-bit register for signal <data_signal>.
    Found 1-bit 8-to-1 multiplexer for signal <data_signal$mux0000> created at line 247.
    Found 24-bit register for signal <delay>.
    Found 13-bit register for signal <display_counter>.
    Found 13-bit adder for signal <display_counter$addsub0000> created at line 251.
    Found 16-bit comparator less for signal <display_counter$cmp_lt0000> created at line 250.
    Found 3-bit register for signal <game_state>.
    Found 24-bit comparator equal for signal <state$cmp_eq0000> created at line 91.
    Found 7-bit register for signal <x>.
    Found 7-bit adder for signal <x_help$add0000> created at line 298.
    Found 7-bit subtractor for signal <x_help$sub0000> created at line 298.
    Found 6-bit register for signal <y>.
    Found 6-bit adder for signal <y_help$add0000> created at line 299.
    Found 6-bit subtractor for signal <y_help$sub0000> created at line 299.
    Summary:
	inferred   2 Finite State Machine(s).
	inferred   1 Counter(s).
	inferred  85 D-type flip-flop(s).
	inferred   6 Adder/Subtractor(s).
	inferred   3 Comparator(s).
	inferred   1 Multiplexer(s).
Unit <GameModule> synthesized.


Synthesizing Unit <Keyboard_Decoder>.
    Related source file is "C:/Users/lab/Downloads/UCISW2-OLED-main (1)/UCISW2-OLED-main/UCISW2_OLED_PROJECT/sources/Keyboard_Decoder.vhd".
    Found 2-bit register for signal <Key_out>.
    Summary:
	inferred   2 D-type flip-flop(s).
Unit <Keyboard_Decoder> synthesized.


Synthesizing Unit <IFD_MXILINX_schemat>.
    Related source file is "C:/Users/lab/Downloads/UCISW2-OLED-main (1)/UCISW2-OLED-main/UCISW2_OLED_PROJECT/schemat.vhf".
Unit <IFD_MXILINX_schemat> synthesized.


Synthesizing Unit <I2C_Master>.
    Related source file is "C:/Users/lab/Downloads/UCISW2-OLED-main (1)/UCISW2-OLED-main/UCISW2_OLED_PROJECT/sources/I2C_Master.vhd".
WARNING:Xst:646 - Signal <NLW_i_FIFO_Mram_RAM8_SPO_UNCONNECTED> is assigned but never used. This unconnected signal will be trimmed during the optimization process.
WARNING:Xst:646 - Signal <NLW_i_FIFO_Mram_RAM7_SPO_UNCONNECTED> is assigned but never used. This unconnected signal will be trimmed during the optimization process.
WARNING:Xst:646 - Signal <NLW_i_FIFO_Mram_RAM6_SPO_UNCONNECTED> is assigned but never used. This unconnected signal will be trimmed during the optimization process.
WARNING:Xst:646 - Signal <NLW_i_FIFO_Mram_RAM5_SPO_UNCONNECTED> is assigned but never used. This unconnected signal will be trimmed during the optimization process.
WARNING:Xst:646 - Signal <NLW_i_FIFO_Mram_RAM4_SPO_UNCONNECTED> is assigned but never used. This unconnected signal will be trimmed during the optimization process.
WARNING:Xst:646 - Signal <NLW_i_FIFO_Mram_RAM3_SPO_UNCONNECTED> is assigned but never used. This unconnected signal will be trimmed during the optimization process.
WARNING:Xst:646 - Signal <NLW_i_FIFO_Mram_RAM2_SPO_UNCONNECTED> is assigned but never used. This unconnected signal will be trimmed during the optimization process.
WARNING:Xst:646 - Signal <NLW_i_FIFO_Mram_RAM1_SPO_UNCONNECTED> is assigned but never used. This unconnected signal will be trimmed during the optimization process.
WARNING:Xst:646 - Signal <NLW_IOB2_O_UNCONNECTED> is assigned but never used. This unconnected signal will be trimmed during the optimization process.
Unit <I2C_Master> synthesized.


Synthesizing Unit <schemat>.
    Related source file is "C:/Users/lab/Downloads/UCISW2-OLED-main (1)/UCISW2-OLED-main/UCISW2_OLED_PROJECT/schemat.vhf".
WARNING:Xst:653 - Signal <XLXI_6_ReadCnt_openSignal> is used but never assigned. This sourceless signal will be automatically connected to value 0000.
WARNING:Xst:653 - Signal <XLXI_6_FIFO_Pop_openSignal> is used but never assigned. This sourceless signal will be automatically connected to value 0.
Unit <schemat> synthesized.


=========================================================================
HDL Synthesis Report

Macro Statistics
# RAMs                                                 : 1
 1024x8-bit dual-port RAM                              : 1
# Adders/Subtractors                                   : 6
 10-bit adder                                          : 1
 13-bit adder                                          : 1
 6-bit adder                                           : 1
 6-bit subtractor                                      : 1
 7-bit adder                                           : 1
 7-bit subtractor                                      : 1
# Counters                                             : 3
 10-bit up counter                                     : 1
 24-bit up counter                                     : 1
 4-bit up counter                                      : 1
# Registers                                            : 17
 1-bit register                                        : 9
 10-bit register                                       : 1
 13-bit register                                       : 2
 2-bit register                                        : 1
 24-bit register                                       : 1
 3-bit register                                        : 1
 6-bit register                                        : 1
 7-bit register                                        : 1
# Comparators                                          : 3
 13-bit comparator greatequal                          : 1
 16-bit comparator less                                : 1
 24-bit comparator equal                               : 1
# Multiplexers                                         : 1
 1-bit 8-to-1 multiplexer                              : 1

=========================================================================

=========================================================================
*                       Advanced HDL Synthesis                          *
=========================================================================

Analyzing FSM <FSM_2> for best encoding.
Optimizing FSM <XLXI_7/state/FSM> on signal <state[1:8]> with one-hot encoding.
-----------------------------------
 State                 | Encoding
-----------------------------------
 swait                 | 00000001
 sread                 | 00001000
 saddresscount         | 00000100
 ssetbit               | 00100000
 swrite                | 01000000
 sgameover             | 00010000
 sresetvaluestodefault | 00000010
 sresetram             | 10000000
-----------------------------------
Analyzing FSM <FSM_1> for best encoding.
Optimizing FSM <XLXI_7/direction/FSM> on signal <direction[1:2]> with user encoding.
-------------------
 State | Encoding
-------------------
 up    | 00
 down  | 01
 right | 10
 left  | 11
-------------------
Analyzing FSM <FSM_0> for best encoding.
Optimizing FSM <XLXI_2/state/FSM> on signal <state[1:8]> with one-hot encoding.
-------------------------
 State       | Encoding
-------------------------
 sreset      | 00000001
 sgo1        | 00000010
 spush1      | 00000100
 swait1      | 00001000
 swaitwrite  | unreached
 sgo2        | 00010000
 ssendbytes2 | 00100000
 spush2      | 01000000
 swait2      | 10000000
-------------------------
Reading core <sources/PS2_Kbd.ngc>.
Reading core <sources/LCD2x64.ngc>.
Loading core <PS2_Kbd> for timing and area information for instance <XLXI_18>.
Loading core <LCD2x64> for timing and area information for instance <XLXI_20>.
WARNING:Xst:1293 - FF/Latch <delay_0> has a constant value of 0 in block <XLXI_7>. This FF/Latch will be trimmed during the optimization process.
WARNING:Xst:1293 - FF/Latch <delay_1> has a constant value of 0 in block <XLXI_7>. This FF/Latch will be trimmed during the optimization process.
WARNING:Xst:1293 - FF/Latch <delay_2> has a constant value of 0 in block <XLXI_7>. This FF/Latch will be trimmed during the optimization process.
WARNING:Xst:1293 - FF/Latch <delay_3> has a constant value of 0 in block <XLXI_7>. This FF/Latch will be trimmed during the optimization process.
WARNING:Xst:1293 - FF/Latch <delay_4> has a constant value of 0 in block <XLXI_7>. This FF/Latch will be trimmed during the optimization process.
WARNING:Xst:1293 - FF/Latch <delay_23> has a constant value of 0 in block <XLXI_7>. This FF/Latch will be trimmed during the optimization process.
WARNING:Xst:2677 - Node <game_state_2> of sequential type is unconnected in block <XLXI_7>.

Synthesizing (advanced) Unit <Memory>.
INFO:Xst:3218 - HDL ADVISOR - The RAM <Mram_RAM> will be implemented on LUTs either because you have described an asynchronous read or because of currently unsupported block RAM features. If you have described an asynchronous read, making it synchronous would allow you to take advantage of available block RAM resources, for optimized device usage and improved timings. Please refer to your documentation for coding guidelines.
    -----------------------------------------------------------------------
    | ram_type           | Distributed                         |          |
    -----------------------------------------------------------------------
    | Port A                                                              |
    |     aspect ratio   | 1024-word x 8-bit                   |          |
    |     clkA           | connected to signal <CLK>           | rise     |
    |     weA            | connected to signal <WriteEnable>   | high     |
    |     addrA          | connected to signal <WriteAddr>     |          |
    |     diA            | connected to signal <DataIN>        |          |
    |     doA            | connected to signal <Data2>         |          |
    -----------------------------------------------------------------------
    | Port B                                                              |
    |     aspect ratio   | 1024-word x 8-bit                   |          |
    |     addrB          | connected to signal <ReadAddr>      |          |
    |     doB            | connected to signal <Data>          |          |
    -----------------------------------------------------------------------
Unit <Memory> synthesized (advanced).
WARNING:Xst:2677 - Node <game_state_2> of sequential type is unconnected in block <GameModule>.

=========================================================================
Advanced HDL Synthesis Report

Macro Statistics
# FSMs                                                 : 3
# RAMs                                                 : 1
 1024x8-bit dual-port distributed RAM                  : 1
# Adders/Subtractors                                   : 6
 10-bit adder                                          : 1
 13-bit adder                                          : 1
 6-bit adder                                           : 1
 6-bit subtractor                                      : 1
 7-bit adder                                           : 1
 7-bit subtractor                                      : 1
# Counters                                             : 3
 10-bit up counter                                     : 1
 24-bit up counter                                     : 1
 4-bit up counter                                      : 1
# Registers                                            : 140
 Flip-Flops                                            : 140
# Comparators                                          : 3
 13-bit comparator greatequal                          : 1
 16-bit comparator less                                : 1
 24-bit comparator equal                               : 1
# Multiplexers                                         : 1
 1-bit 8-to-1 multiplexer                              : 1

=========================================================================

=========================================================================
*                         Low Level Synthesis                           *
=========================================================================
WARNING:Xst:1293 - FF/Latch <delay_0> has a constant value of 0 in block <GameModule>. This FF/Latch will be trimmed during the optimization process.
WARNING:Xst:1896 - Due to other FF/Latch trimming, FF/Latch <delay_1> has a constant value of 0 in block <GameModule>. This FF/Latch will be trimmed during the optimization process.
WARNING:Xst:1896 - Due to other FF/Latch trimming, FF/Latch <delay_2> has a constant value of 0 in block <GameModule>. This FF/Latch will be trimmed during the optimization process.
WARNING:Xst:1896 - Due to other FF/Latch trimming, FF/Latch <delay_3> has a constant value of 0 in block <GameModule>. This FF/Latch will be trimmed during the optimization process.
WARNING:Xst:1896 - Due to other FF/Latch trimming, FF/Latch <delay_4> has a constant value of 0 in block <GameModule>. This FF/Latch will be trimmed during the optimization process.
WARNING:Xst:1896 - Due to other FF/Latch trimming, FF/Latch <delay_23> has a constant value of 0 in block <GameModule>. This FF/Latch will be trimmed during the optimization process.

Optimizing unit <schemat> ...

Optimizing unit <OLED_Ctrl> ...

Optimizing unit <GameModule> ...

Optimizing unit <IFD_MXILINX_schemat> ...

Optimizing unit <I2C_Master> ...

Mapping all equations...
Building and optimizing final netlist ...
Found area constraint ratio of 100 (+ 5) on block schemat, actual ratio is 16.
INFO:Xst:2260 - The FF/Latch <XLXI_2/state_FSM_FFd8> in Unit <schemat> is equivalent to the following FF/Latch : <XLXI_6/state_FSM_FFd6> 
INFO:Xst:2260 - The FF/Latch <State_16> in Unit <XLXI_20> is equivalent to the following 4 FFs/Latches : <State_16_1> <State_16_2> <State_16_3> <State_16_4> 
INFO:Xst:2260 - The FF/Latch <cntDigit_0> in Unit <XLXI_20> is equivalent to the following FF/Latch : <cntDigit_0_1> 
INFO:Xst:2260 - The FF/Latch <cntDigit_1> in Unit <XLXI_20> is equivalent to the following FF/Latch : <cntDigit_1_1> 
INFO:Xst:2260 - The FF/Latch <State_16> in Unit <XLXI_20> is equivalent to the following 4 FFs/Latches : <State_16_1> <State_16_2> <State_16_3> <State_16_4> 
INFO:Xst:2260 - The FF/Latch <cntDigit_0> in Unit <XLXI_20> is equivalent to the following FF/Latch : <cntDigit_0_1> 
INFO:Xst:2260 - The FF/Latch <cntDigit_1> in Unit <XLXI_20> is equivalent to the following FF/Latch : <cntDigit_1_1> 
FlipFlop XLXI_2/read_address_memory_0 has been replicated 48 time(s)
FlipFlop XLXI_2/read_address_memory_1 has been replicated 48 time(s)
FlipFlop XLXI_2/read_address_memory_2 has been replicated 48 time(s)
FlipFlop XLXI_2/read_address_memory_3 has been replicated 48 time(s)

Final Macro Processing ...

=========================================================================
Final Register Report

Macro Statistics
# Registers                                            : 382
 Flip-Flops                                            : 382

=========================================================================

=========================================================================
*                           Partition Report                            *
=========================================================================

Partition Implementation Status
-------------------------------

  No Partitions were found in this design.

-------------------------------

=========================================================================
*                            Final Report                               *
=========================================================================
Final Results
RTL Top Level Output File Name     : schemat.ngr
Top Level Output File Name         : schemat
Output Format                      : NGC
Optimization Goal                  : Speed
Keep Hierarchy                     : No

Design Statistics
# IOs                              : 16

Cell Usage :
# BELS                             : 2208
#      GND                         : 5
#      INV                         : 18
#      LUT1                        : 93
#      LUT2                        : 97
#      LUT2_D                      : 3
#      LUT2_L                      : 15
#      LUT3                        : 728
#      LUT3_D                      : 8
#      LUT3_L                      : 15
#      LUT4                        : 330
#      LUT4_D                      : 19
#      LUT4_L                      : 30
#      MUXCY                       : 117
#      MUXF5                       : 382
#      MUXF6                       : 141
#      MUXF7                       : 70
#      MUXF8                       : 32
#      VCC                         : 5
#      XORCY                       : 100
# FlipFlops/Latches                : 513
#      FD                          : 34
#      FDCE                        : 2
#      FDE                         : 259
#      FDR                         : 105
#      FDRE                        : 43
#      FDRS                        : 15
#      FDRSE                       : 4
#      FDS                         : 51
# RAMS                             : 520
#      RAM16X1D                    : 520
# Clock Buffers                    : 1
#      BUFGP                       : 1
# IO Buffers                       : 15
#      IBUF                        : 4
#      IOBUF                       : 6
#      OBUF                        : 5
=========================================================================

Device utilization summary:
---------------------------

Selected Device : 3s500efg320-4 

 Number of Slices:                      853  out of   4656    18%  
 Number of Slice Flip Flops:            511  out of   9312     5%  
 Number of 4 input LUTs:               2396  out of   9312    25%  
    Number used as logic:              1356
    Number used as RAMs:               1040
 Number of IOs:                          16
 Number of bonded IOBs:                  16  out of    232     6%  
    IOB Flip Flops:                       2
 Number of GCLKs:                         1  out of     24     4%  

---------------------------
Partition Resource Summary:
---------------------------

  No Partitions were found in this design.

---------------------------


=========================================================================
TIMING REPORT

NOTE: THESE TIMING NUMBERS ARE ONLY A SYNTHESIS ESTIMATE.
      FOR ACCURATE TIMING INFORMATION PLEASE REFER TO THE TRACE REPORT
      GENERATED AFTER PLACE-and-ROUTE.

Clock Information:
------------------
-----------------------------------+------------------------+-------+
Clock Signal                       | Clock buffer(FF name)  | Load  |
-----------------------------------+------------------------+-------+
Clk_50MHz                          | BUFGP                  | 1033  |
-----------------------------------+------------------------+-------+

Asynchronous Control Signals Information:
----------------------------------------
-----------------------------------+------------------------+-------+
Control Signal                     | Buffer(FF name)        | Load  |
-----------------------------------+------------------------+-------+
XLXI_5/XLXN_1(XLXI_5/I_36_29:G)    | NONE(XLXI_5/I_36_15)   | 1     |
XLXI_8/XLXN_1(XLXI_8/I_36_29:G)    | NONE(XLXI_8/I_36_15)   | 1     |
-----------------------------------+------------------------+-------+

Timing Summary:
---------------
Speed Grade: -4

   Minimum period: 8.879ns (Maximum Frequency: 112.625MHz)
   Minimum input arrival time before clock: 4.538ns
   Maximum output required time after clock: 6.080ns
   Maximum combinational path delay: No path found

Timing Detail:
--------------
All values displayed in nanoseconds (ns)

=========================================================================
Timing constraint: Default period analysis for Clock 'Clk_50MHz'
  Clock period: 8.879ns (frequency: 112.625MHz)
  Total number of paths / destination ports: 24104 / 6239
-------------------------------------------------------------------------
Delay:               8.879ns (Levels of Logic = 9)
  Source:            XLXI_2/read_address_memory_3_26 (FF)
  Destination:       XLXI_6/i_FIFO_Mram_RAM6 (RAM)
  Source Clock:      Clk_50MHz rising
  Destination Clock: Clk_50MHz rising

  Data Path: XLXI_2/read_address_memory_3_26 to XLXI_6/i_FIFO_Mram_RAM6
                                Gate     Net
    Cell:in->out      fanout   Delay   Delay  Logical Name (Net Name)
    ----------------------------------------  ------------
     FDE:C->Q             16   0.591   1.034  XLXI_2/read_address_memory_3_26 (XLXI_2/read_address_memory_3_26)
     RAM16X1D:DPRA3->DPO    1   0.704   0.455  XLXI_1/Mram_RAM353 (N771)
     LUT3:I2->O            1   0.704   0.000  inst_LPM_MUX13_14 (inst_LPM_MUX13_14)
     MUXF5:I0->O           1   0.321   0.000  inst_LPM_MUX13_12_f5 (inst_LPM_MUX13_12_f5)
     MUXF6:I0->O           1   0.521   0.000  inst_LPM_MUX13_10_f6 (inst_LPM_MUX13_10_f6)
     MUXF7:I0->O           1   0.521   0.000  inst_LPM_MUX13_8_f7 (inst_LPM_MUX13_8_f7)
     MUXF8:I0->O           1   0.521   0.455  inst_LPM_MUX13_6_f8 (inst_LPM_MUX13_6_f8)
     LUT4:I2->O            1   0.704   0.455  XLXI_2/I2C_FIFO_DI<5>62 (XLXI_2/I2C_FIFO_DI<5>62)
     LUT3_L:I2->LO         1   0.704   0.104  XLXI_2/I2C_FIFO_DI<5>65 (FIFO_DI<5>)
     LUT4:I3->O            1   0.704   0.000  XLXI_6/DI_5_1 (XLXI_6/DI<5>)
     RAM16X1D:D                0.381          XLXI_6/i_FIFO_Mram_RAM6
    ----------------------------------------
    Total                      8.879ns (6.376ns logic, 2.503ns route)
                                       (71.8% logic, 28.2% route)

=========================================================================
Timing constraint: Default OFFSET IN BEFORE for Clock 'Clk_50MHz'
  Total number of paths / destination ports: 7 / 7
-------------------------------------------------------------------------
Offset:              4.538ns (Levels of Logic = 3)
  Source:            SDA (PAD)
  Destination:       XLXI_6/NACK_12 (FF)
  Destination Clock: Clk_50MHz rising

  Data Path: SDA to XLXI_6/NACK_12
                                Gate     Net
    Cell:in->out      fanout   Delay   Delay  Logical Name (Net Name)
    ----------------------------------------  ------------
     IOBUF:IO->O           2   1.218   0.482  XLXI_6/IOB1 (XLXI_6/SDAin)
     LUT4:I2->O            1   0.704   0.455  XLXI_6/NACK_and00007 (XLXI_6/NACK_and00007_95)
     LUT4:I2->O            1   0.704   0.420  XLXI_6/NACK_and000022 (XLXI_6/NACK_and0000)
     FDRE:CE                   0.555          XLXI_6/NACK_12
    ----------------------------------------
    Total                      4.538ns (3.181ns logic, 1.357ns route)
                                       (70.1% logic, 29.9% route)

=========================================================================
Timing constraint: Default OFFSET OUT AFTER for Clock 'Clk_50MHz'
  Total number of paths / destination ports: 29 / 10
-------------------------------------------------------------------------
Offset:              6.080ns (Levels of Logic = 3)
  Source:            XLXI_20/State_20 (FF)
  Destination:       LCD_RW (PAD)
  Source Clock:      Clk_50MHz rising

  Data Path: XLXI_20/State_20 to LCD_RW
                                Gate     Net
    Cell:in->out      fanout   Delay   Delay  Logical Name (Net Name)
    ----------------------------------------  ------------
     FDRS:C->Q             6   0.591   0.844  State_20 (State<20>)
     LUT2:I0->O            6   0.704   0.669  T_or00001 (LCD_RW)
     end scope: 'XLXI_20'
     OBUF:I->O                 3.272          LCD_RW_OBUF (LCD_RW)
    ----------------------------------------
    Total                      6.080ns (4.567ns logic, 1.513ns route)
                                       (75.1% logic, 24.9% route)

=========================================================================
WARNING:Xst:616 - Invalid property "SLEW 20": Did not attach to XLXI_6/IOB2.
WARNING:Xst:616 - Invalid property "SLEW 20": Did not attach to XLXI_6/IOB1.


Total REAL time to Xst completion: 12.00 secs
Total CPU time to Xst completion: 12.15 secs
 
--> 

Total memory usage is 4581900 kilobytes

Number of errors   :    0 (   0 filtered)
Number of warnings :   35 (   0 filtered)
Number of infos    :    9 (   0 filtered)

