--------------------------------------------------------------------------------
Release 14.7 Trace  (nt64)
Copyright (c) 1995-2013 Xilinx, Inc.  All rights reserved.

C:\Xilinx\14.7\ISE_DS\ISE\bin\nt64\unwrapped\trce.exe -intstyle ise -v 3 -s 4
-n 3 -fastpaths -xml top.twx top.ncd -o top.twr top.pcf

Design file:              top.ncd
Physical constraint file: top.pcf
Device,package,speed:     xc3s500e,fg320,-4 (PRODUCTION 1.27 2013-10-13)
Report level:             verbose report

Environment Variable      Effect 
--------------------      ------ 
NONE                      No environment variables were set
--------------------------------------------------------------------------------

INFO:Timing:3412 - To improve timing, see the Timing Closure User Guide (UG612).
INFO:Timing:2752 - To get complete path coverage, use the unconstrained paths 
   option. All paths that are not constrained will be reported in the 
   unconstrained paths section(s) of the report.
INFO:Timing:3339 - The clock-to-out numbers in this timing report are based on 
   a 50 Ohm transmission line loading model.  For the details of this model, 
   and for more information on accounting for different loading conditions, 
   please see the device datasheet.
INFO:Timing:3390 - This architecture does not support a default System Jitter 
   value, please add SYSTEM_JITTER constraint to the UCF to modify the Clock 
   Uncertainty calculation.
INFO:Timing:3389 - This architecture does not support 'Discrete Jitter' and 
   'Phase Error' calculations, these terms will be zero in the Clock 
   Uncertainty calculation.  Please make appropriate modification to 
   SYSTEM_JITTER to account for the unsupported Discrete Jitter and Phase 
   Error.

================================================================================
Timing constraint: NET "Clk_50MHz_BUFGP/IBUFG" PERIOD = 20 ns HIGH 50%;
For more information, see Period Analysis in the Timing Closure User Guide (UG612).

 1401 paths analyzed, 326 endpoints analyzed, 0 failing endpoints
 0 timing errors detected. (0 setup errors, 0 hold errors, 0 component switching limit errors)
 Minimum period is   7.707ns.
--------------------------------------------------------------------------------

Paths for end point XLXI_1/cntSCL_0 (SLICE_X45Y65.SR), 9 paths
--------------------------------------------------------------------------------
Slack (setup path):     12.293ns (requirement - (data path - clock path skew + uncertainty))
  Source:               XLXI_1/cntSCL_5 (FF)
  Destination:          XLXI_1/cntSCL_0 (FF)
  Requirement:          20.000ns
  Data Path Delay:      7.706ns (Levels of Logic = 3)
  Clock Path Skew:      -0.001ns (0.004 - 0.005)
  Source Clock:         Clk_50MHz_BUFGP rising at 0.000ns
  Destination Clock:    Clk_50MHz_BUFGP rising at 20.000ns
  Clock Uncertainty:    0.000ns

  Maximum Data Path: XLXI_1/cntSCL_5 to XLXI_1/cntSCL_0
    Location             Delay type         Delay(ns)  Physical Resource
                                                       Logical Resource(s)
    -------------------------------------------------  -------------------
    SLICE_X45Y67.YQ      Tcko                  0.587   XLXI_1/cntSCL<4>
                                                       XLXI_1/cntSCL_5
    SLICE_X43Y65.F1      net (fanout=10)       1.199   XLXI_1/cntSCL<5>
    SLICE_X43Y65.X       Tilo                  0.704   XLXI_1/N71
                                                       XLXI_1/SDAout_mux000332_SW0
    SLICE_X44Y65.F2      net (fanout=2)        0.448   XLXI_1/N71
    SLICE_X44Y65.X       Tilo                  0.759   XLXI_1/sclEnd
                                                       XLXI_1/sclEnd_cmp_eq00001
    SLICE_X50Y57.F1      net (fanout=11)       1.132   XLXI_1/sclEnd
    SLICE_X50Y57.X       Tilo                  0.759   XLXI_1/sregOut<0>
                                                       XLXI_1/cntSCL_or00001
    SLICE_X45Y65.SR      net (fanout=4)        1.208   XLXI_1/cntSCL_or0000
    SLICE_X45Y65.CLK     Tsrck                 0.910   XLXI_1/cntSCL<0>
                                                       XLXI_1/cntSCL_0
    -------------------------------------------------  ---------------------------
    Total                                      7.706ns (3.719ns logic, 3.987ns route)
                                                       (48.3% logic, 51.7% route)

--------------------------------------------------------------------------------
Slack (setup path):     12.787ns (requirement - (data path - clock path skew + uncertainty))
  Source:               XLXI_1/cntSCL_0 (FF)
  Destination:          XLXI_1/cntSCL_0 (FF)
  Requirement:          20.000ns
  Data Path Delay:      7.213ns (Levels of Logic = 3)
  Clock Path Skew:      0.000ns
  Source Clock:         Clk_50MHz_BUFGP rising at 0.000ns
  Destination Clock:    Clk_50MHz_BUFGP rising at 20.000ns
  Clock Uncertainty:    0.000ns

  Maximum Data Path: XLXI_1/cntSCL_0 to XLXI_1/cntSCL_0
    Location             Delay type         Delay(ns)  Physical Resource
                                                       Logical Resource(s)
    -------------------------------------------------  -------------------
    SLICE_X45Y65.XQ      Tcko                  0.591   XLXI_1/cntSCL<0>
                                                       XLXI_1/cntSCL_0
    SLICE_X43Y65.F2      net (fanout=8)        0.702   XLXI_1/cntSCL<0>
    SLICE_X43Y65.X       Tilo                  0.704   XLXI_1/N71
                                                       XLXI_1/SDAout_mux000332_SW0
    SLICE_X44Y65.F2      net (fanout=2)        0.448   XLXI_1/N71
    SLICE_X44Y65.X       Tilo                  0.759   XLXI_1/sclEnd
                                                       XLXI_1/sclEnd_cmp_eq00001
    SLICE_X50Y57.F1      net (fanout=11)       1.132   XLXI_1/sclEnd
    SLICE_X50Y57.X       Tilo                  0.759   XLXI_1/sregOut<0>
                                                       XLXI_1/cntSCL_or00001
    SLICE_X45Y65.SR      net (fanout=4)        1.208   XLXI_1/cntSCL_or0000
    SLICE_X45Y65.CLK     Tsrck                 0.910   XLXI_1/cntSCL<0>
                                                       XLXI_1/cntSCL_0
    -------------------------------------------------  ---------------------------
    Total                                      7.213ns (3.723ns logic, 3.490ns route)
                                                       (51.6% logic, 48.4% route)

--------------------------------------------------------------------------------
Slack (setup path):     12.832ns (requirement - (data path - clock path skew + uncertainty))
  Source:               XLXI_1/cntSCL_2 (FF)
  Destination:          XLXI_1/cntSCL_0 (FF)
  Requirement:          20.000ns
  Data Path Delay:      7.167ns (Levels of Logic = 3)
  Clock Path Skew:      -0.001ns (0.004 - 0.005)
  Source Clock:         Clk_50MHz_BUFGP rising at 0.000ns
  Destination Clock:    Clk_50MHz_BUFGP rising at 20.000ns
  Clock Uncertainty:    0.000ns

  Maximum Data Path: XLXI_1/cntSCL_2 to XLXI_1/cntSCL_0
    Location             Delay type         Delay(ns)  Physical Resource
                                                       Logical Resource(s)
    -------------------------------------------------  -------------------
    SLICE_X45Y66.XQ      Tcko                  0.591   XLXI_1/cntSCL<2>
                                                       XLXI_1/cntSCL_2
    SLICE_X44Y65.G1      net (fanout=6)        0.963   XLXI_1/cntSCL<2>
    SLICE_X44Y65.Y       Tilo                  0.759   XLXI_1/sclEnd
                                                       XLXI_1/NACK_and000011
    SLICE_X44Y65.F3      net (fanout=5)        0.086   XLXI_1/N15
    SLICE_X44Y65.X       Tilo                  0.759   XLXI_1/sclEnd
                                                       XLXI_1/sclEnd_cmp_eq00001
    SLICE_X50Y57.F1      net (fanout=11)       1.132   XLXI_1/sclEnd
    SLICE_X50Y57.X       Tilo                  0.759   XLXI_1/sregOut<0>
                                                       XLXI_1/cntSCL_or00001
    SLICE_X45Y65.SR      net (fanout=4)        1.208   XLXI_1/cntSCL_or0000
    SLICE_X45Y65.CLK     Tsrck                 0.910   XLXI_1/cntSCL<0>
                                                       XLXI_1/cntSCL_0
    -------------------------------------------------  ---------------------------
    Total                                      7.167ns (3.778ns logic, 3.389ns route)
                                                       (52.7% logic, 47.3% route)

--------------------------------------------------------------------------------

Paths for end point XLXI_1/cntSCL_1 (SLICE_X45Y65.SR), 9 paths
--------------------------------------------------------------------------------
Slack (setup path):     12.293ns (requirement - (data path - clock path skew + uncertainty))
  Source:               XLXI_1/cntSCL_5 (FF)
  Destination:          XLXI_1/cntSCL_1 (FF)
  Requirement:          20.000ns
  Data Path Delay:      7.706ns (Levels of Logic = 3)
  Clock Path Skew:      -0.001ns (0.004 - 0.005)
  Source Clock:         Clk_50MHz_BUFGP rising at 0.000ns
  Destination Clock:    Clk_50MHz_BUFGP rising at 20.000ns
  Clock Uncertainty:    0.000ns

  Maximum Data Path: XLXI_1/cntSCL_5 to XLXI_1/cntSCL_1
    Location             Delay type         Delay(ns)  Physical Resource
                                                       Logical Resource(s)
    -------------------------------------------------  -------------------
    SLICE_X45Y67.YQ      Tcko                  0.587   XLXI_1/cntSCL<4>
                                                       XLXI_1/cntSCL_5
    SLICE_X43Y65.F1      net (fanout=10)       1.199   XLXI_1/cntSCL<5>
    SLICE_X43Y65.X       Tilo                  0.704   XLXI_1/N71
                                                       XLXI_1/SDAout_mux000332_SW0
    SLICE_X44Y65.F2      net (fanout=2)        0.448   XLXI_1/N71
    SLICE_X44Y65.X       Tilo                  0.759   XLXI_1/sclEnd
                                                       XLXI_1/sclEnd_cmp_eq00001
    SLICE_X50Y57.F1      net (fanout=11)       1.132   XLXI_1/sclEnd
    SLICE_X50Y57.X       Tilo                  0.759   XLXI_1/sregOut<0>
                                                       XLXI_1/cntSCL_or00001
    SLICE_X45Y65.SR      net (fanout=4)        1.208   XLXI_1/cntSCL_or0000
    SLICE_X45Y65.CLK     Tsrck                 0.910   XLXI_1/cntSCL<0>
                                                       XLXI_1/cntSCL_1
    -------------------------------------------------  ---------------------------
    Total                                      7.706ns (3.719ns logic, 3.987ns route)
                                                       (48.3% logic, 51.7% route)

--------------------------------------------------------------------------------
Slack (setup path):     12.787ns (requirement - (data path - clock path skew + uncertainty))
  Source:               XLXI_1/cntSCL_0 (FF)
  Destination:          XLXI_1/cntSCL_1 (FF)
  Requirement:          20.000ns
  Data Path Delay:      7.213ns (Levels of Logic = 3)
  Clock Path Skew:      0.000ns
  Source Clock:         Clk_50MHz_BUFGP rising at 0.000ns
  Destination Clock:    Clk_50MHz_BUFGP rising at 20.000ns
  Clock Uncertainty:    0.000ns

  Maximum Data Path: XLXI_1/cntSCL_0 to XLXI_1/cntSCL_1
    Location             Delay type         Delay(ns)  Physical Resource
                                                       Logical Resource(s)
    -------------------------------------------------  -------------------
    SLICE_X45Y65.XQ      Tcko                  0.591   XLXI_1/cntSCL<0>
                                                       XLXI_1/cntSCL_0
    SLICE_X43Y65.F2      net (fanout=8)        0.702   XLXI_1/cntSCL<0>
    SLICE_X43Y65.X       Tilo                  0.704   XLXI_1/N71
                                                       XLXI_1/SDAout_mux000332_SW0
    SLICE_X44Y65.F2      net (fanout=2)        0.448   XLXI_1/N71
    SLICE_X44Y65.X       Tilo                  0.759   XLXI_1/sclEnd
                                                       XLXI_1/sclEnd_cmp_eq00001
    SLICE_X50Y57.F1      net (fanout=11)       1.132   XLXI_1/sclEnd
    SLICE_X50Y57.X       Tilo                  0.759   XLXI_1/sregOut<0>
                                                       XLXI_1/cntSCL_or00001
    SLICE_X45Y65.SR      net (fanout=4)        1.208   XLXI_1/cntSCL_or0000
    SLICE_X45Y65.CLK     Tsrck                 0.910   XLXI_1/cntSCL<0>
                                                       XLXI_1/cntSCL_1
    -------------------------------------------------  ---------------------------
    Total                                      7.213ns (3.723ns logic, 3.490ns route)
                                                       (51.6% logic, 48.4% route)

--------------------------------------------------------------------------------
Slack (setup path):     12.832ns (requirement - (data path - clock path skew + uncertainty))
  Source:               XLXI_1/cntSCL_2 (FF)
  Destination:          XLXI_1/cntSCL_1 (FF)
  Requirement:          20.000ns
  Data Path Delay:      7.167ns (Levels of Logic = 3)
  Clock Path Skew:      -0.001ns (0.004 - 0.005)
  Source Clock:         Clk_50MHz_BUFGP rising at 0.000ns
  Destination Clock:    Clk_50MHz_BUFGP rising at 20.000ns
  Clock Uncertainty:    0.000ns

  Maximum Data Path: XLXI_1/cntSCL_2 to XLXI_1/cntSCL_1
    Location             Delay type         Delay(ns)  Physical Resource
                                                       Logical Resource(s)
    -------------------------------------------------  -------------------
    SLICE_X45Y66.XQ      Tcko                  0.591   XLXI_1/cntSCL<2>
                                                       XLXI_1/cntSCL_2
    SLICE_X44Y65.G1      net (fanout=6)        0.963   XLXI_1/cntSCL<2>
    SLICE_X44Y65.Y       Tilo                  0.759   XLXI_1/sclEnd
                                                       XLXI_1/NACK_and000011
    SLICE_X44Y65.F3      net (fanout=5)        0.086   XLXI_1/N15
    SLICE_X44Y65.X       Tilo                  0.759   XLXI_1/sclEnd
                                                       XLXI_1/sclEnd_cmp_eq00001
    SLICE_X50Y57.F1      net (fanout=11)       1.132   XLXI_1/sclEnd
    SLICE_X50Y57.X       Tilo                  0.759   XLXI_1/sregOut<0>
                                                       XLXI_1/cntSCL_or00001
    SLICE_X45Y65.SR      net (fanout=4)        1.208   XLXI_1/cntSCL_or0000
    SLICE_X45Y65.CLK     Tsrck                 0.910   XLXI_1/cntSCL<0>
                                                       XLXI_1/cntSCL_1
    -------------------------------------------------  ---------------------------
    Total                                      7.167ns (3.778ns logic, 3.389ns route)
                                                       (52.7% logic, 47.3% route)

--------------------------------------------------------------------------------

Paths for end point XLXI_1/cntSCL_2 (SLICE_X45Y66.SR), 9 paths
--------------------------------------------------------------------------------
Slack (setup path):     12.299ns (requirement - (data path - clock path skew + uncertainty))
  Source:               XLXI_1/cntSCL_5 (FF)
  Destination:          XLXI_1/cntSCL_2 (FF)
  Requirement:          20.000ns
  Data Path Delay:      7.701ns (Levels of Logic = 3)
  Clock Path Skew:      0.000ns
  Source Clock:         Clk_50MHz_BUFGP rising at 0.000ns
  Destination Clock:    Clk_50MHz_BUFGP rising at 20.000ns
  Clock Uncertainty:    0.000ns

  Maximum Data Path: XLXI_1/cntSCL_5 to XLXI_1/cntSCL_2
    Location             Delay type         Delay(ns)  Physical Resource
                                                       Logical Resource(s)
    -------------------------------------------------  -------------------
    SLICE_X45Y67.YQ      Tcko                  0.587   XLXI_1/cntSCL<4>
                                                       XLXI_1/cntSCL_5
    SLICE_X43Y65.F1      net (fanout=10)       1.199   XLXI_1/cntSCL<5>
    SLICE_X43Y65.X       Tilo                  0.704   XLXI_1/N71
                                                       XLXI_1/SDAout_mux000332_SW0
    SLICE_X44Y65.F2      net (fanout=2)        0.448   XLXI_1/N71
    SLICE_X44Y65.X       Tilo                  0.759   XLXI_1/sclEnd
                                                       XLXI_1/sclEnd_cmp_eq00001
    SLICE_X50Y57.F1      net (fanout=11)       1.132   XLXI_1/sclEnd
    SLICE_X50Y57.X       Tilo                  0.759   XLXI_1/sregOut<0>
                                                       XLXI_1/cntSCL_or00001
    SLICE_X45Y66.SR      net (fanout=4)        1.203   XLXI_1/cntSCL_or0000
    SLICE_X45Y66.CLK     Tsrck                 0.910   XLXI_1/cntSCL<2>
                                                       XLXI_1/cntSCL_2
    -------------------------------------------------  ---------------------------
    Total                                      7.701ns (3.719ns logic, 3.982ns route)
                                                       (48.3% logic, 51.7% route)

--------------------------------------------------------------------------------
Slack (setup path):     12.792ns (requirement - (data path - clock path skew + uncertainty))
  Source:               XLXI_1/cntSCL_0 (FF)
  Destination:          XLXI_1/cntSCL_2 (FF)
  Requirement:          20.000ns
  Data Path Delay:      7.208ns (Levels of Logic = 3)
  Clock Path Skew:      0.000ns
  Source Clock:         Clk_50MHz_BUFGP rising at 0.000ns
  Destination Clock:    Clk_50MHz_BUFGP rising at 20.000ns
  Clock Uncertainty:    0.000ns

  Maximum Data Path: XLXI_1/cntSCL_0 to XLXI_1/cntSCL_2
    Location             Delay type         Delay(ns)  Physical Resource
                                                       Logical Resource(s)
    -------------------------------------------------  -------------------
    SLICE_X45Y65.XQ      Tcko                  0.591   XLXI_1/cntSCL<0>
                                                       XLXI_1/cntSCL_0
    SLICE_X43Y65.F2      net (fanout=8)        0.702   XLXI_1/cntSCL<0>
    SLICE_X43Y65.X       Tilo                  0.704   XLXI_1/N71
                                                       XLXI_1/SDAout_mux000332_SW0
    SLICE_X44Y65.F2      net (fanout=2)        0.448   XLXI_1/N71
    SLICE_X44Y65.X       Tilo                  0.759   XLXI_1/sclEnd
                                                       XLXI_1/sclEnd_cmp_eq00001
    SLICE_X50Y57.F1      net (fanout=11)       1.132   XLXI_1/sclEnd
    SLICE_X50Y57.X       Tilo                  0.759   XLXI_1/sregOut<0>
                                                       XLXI_1/cntSCL_or00001
    SLICE_X45Y66.SR      net (fanout=4)        1.203   XLXI_1/cntSCL_or0000
    SLICE_X45Y66.CLK     Tsrck                 0.910   XLXI_1/cntSCL<2>
                                                       XLXI_1/cntSCL_2
    -------------------------------------------------  ---------------------------
    Total                                      7.208ns (3.723ns logic, 3.485ns route)
                                                       (51.7% logic, 48.3% route)

--------------------------------------------------------------------------------
Slack (setup path):     12.838ns (requirement - (data path - clock path skew + uncertainty))
  Source:               XLXI_1/cntSCL_2 (FF)
  Destination:          XLXI_1/cntSCL_2 (FF)
  Requirement:          20.000ns
  Data Path Delay:      7.162ns (Levels of Logic = 3)
  Clock Path Skew:      0.000ns
  Source Clock:         Clk_50MHz_BUFGP rising at 0.000ns
  Destination Clock:    Clk_50MHz_BUFGP rising at 20.000ns
  Clock Uncertainty:    0.000ns

  Maximum Data Path: XLXI_1/cntSCL_2 to XLXI_1/cntSCL_2
    Location             Delay type         Delay(ns)  Physical Resource
                                                       Logical Resource(s)
    -------------------------------------------------  -------------------
    SLICE_X45Y66.XQ      Tcko                  0.591   XLXI_1/cntSCL<2>
                                                       XLXI_1/cntSCL_2
    SLICE_X44Y65.G1      net (fanout=6)        0.963   XLXI_1/cntSCL<2>
    SLICE_X44Y65.Y       Tilo                  0.759   XLXI_1/sclEnd
                                                       XLXI_1/NACK_and000011
    SLICE_X44Y65.F3      net (fanout=5)        0.086   XLXI_1/N15
    SLICE_X44Y65.X       Tilo                  0.759   XLXI_1/sclEnd
                                                       XLXI_1/sclEnd_cmp_eq00001
    SLICE_X50Y57.F1      net (fanout=11)       1.132   XLXI_1/sclEnd
    SLICE_X50Y57.X       Tilo                  0.759   XLXI_1/sregOut<0>
                                                       XLXI_1/cntSCL_or00001
    SLICE_X45Y66.SR      net (fanout=4)        1.203   XLXI_1/cntSCL_or0000
    SLICE_X45Y66.CLK     Tsrck                 0.910   XLXI_1/cntSCL<2>
                                                       XLXI_1/cntSCL_2
    -------------------------------------------------  ---------------------------
    Total                                      7.162ns (3.778ns logic, 3.384ns route)
                                                       (52.8% logic, 47.2% route)

--------------------------------------------------------------------------------

Hold Paths: NET "Clk_50MHz_BUFGP/IBUFG" PERIOD = 20 ns HIGH 50%;
--------------------------------------------------------------------------------

Paths for end point XLXI_1/i_FIFO_Mram_RAM1.SLICEM_F (SLICE_X52Y50.G4), 1 path
--------------------------------------------------------------------------------
Slack (hold path):      0.930ns (requirement - (clock path skew + uncertainty - data path))
  Source:               XLXI_1/i_FIFO_addrWr_3 (FF)
  Destination:          XLXI_1/i_FIFO_Mram_RAM1.SLICEM_F (RAM)
  Requirement:          0.000ns
  Data Path Delay:      0.932ns (Levels of Logic = 1)
  Clock Path Skew:      0.002ns (0.016 - 0.014)
  Source Clock:         Clk_50MHz_BUFGP rising at 20.000ns
  Destination Clock:    Clk_50MHz_BUFGP rising at 20.000ns
  Clock Uncertainty:    0.000ns

  Minimum Data Path: XLXI_1/i_FIFO_addrWr_3 to XLXI_1/i_FIFO_Mram_RAM1.SLICEM_F
    Location             Delay type         Delay(ns)  Physical Resource
                                                       Logical Resource(s)
    -------------------------------------------------  -------------------
    SLICE_X53Y53.XQ      Tcko                  0.473   XLXI_1/i_FIFO_addrWr<3>
                                                       XLXI_1/i_FIFO_addrWr_3
    SLICE_X52Y50.G4      net (fanout=10)       0.458   XLXI_1/i_FIFO_addrWr<3>
    SLICE_X52Y50.CLK     Tah         (-Th)    -0.001   XLXI_1/NlwRenamedSig_OI_FIFO_DO<0>
                                                       XLXI_1/i_FIFO_Mram_RAM1.SLICEM_F
    -------------------------------------------------  ---------------------------
    Total                                      0.932ns (0.474ns logic, 0.458ns route)
                                                       (50.9% logic, 49.1% route)

--------------------------------------------------------------------------------

Paths for end point XLXI_1/i_FIFO_Mram_RAM1.SLICEM_G (SLICE_X52Y50.G4), 1 path
--------------------------------------------------------------------------------
Slack (hold path):      0.930ns (requirement - (clock path skew + uncertainty - data path))
  Source:               XLXI_1/i_FIFO_addrWr_3 (FF)
  Destination:          XLXI_1/i_FIFO_Mram_RAM1.SLICEM_G (RAM)
  Requirement:          0.000ns
  Data Path Delay:      0.932ns (Levels of Logic = 1)
  Clock Path Skew:      0.002ns (0.016 - 0.014)
  Source Clock:         Clk_50MHz_BUFGP rising at 20.000ns
  Destination Clock:    Clk_50MHz_BUFGP rising at 20.000ns
  Clock Uncertainty:    0.000ns

  Minimum Data Path: XLXI_1/i_FIFO_addrWr_3 to XLXI_1/i_FIFO_Mram_RAM1.SLICEM_G
    Location             Delay type         Delay(ns)  Physical Resource
                                                       Logical Resource(s)
    -------------------------------------------------  -------------------
    SLICE_X53Y53.XQ      Tcko                  0.473   XLXI_1/i_FIFO_addrWr<3>
                                                       XLXI_1/i_FIFO_addrWr_3
    SLICE_X52Y50.G4      net (fanout=10)       0.458   XLXI_1/i_FIFO_addrWr<3>
    SLICE_X52Y50.CLK     Tah         (-Th)    -0.001   XLXI_1/NlwRenamedSig_OI_FIFO_DO<0>
                                                       XLXI_1/i_FIFO_Mram_RAM1.SLICEM_G
    -------------------------------------------------  ---------------------------
    Total                                      0.932ns (0.474ns logic, 0.458ns route)
                                                       (50.9% logic, 49.1% route)

--------------------------------------------------------------------------------

Paths for end point XLXI_1/i_FIFO_Mram_RAM7.SLICEM_F (SLICE_X52Y56.G1), 1 path
--------------------------------------------------------------------------------
Slack (hold path):      1.008ns (requirement - (clock path skew + uncertainty - data path))
  Source:               XLXI_1/i_FIFO_addrWr_0 (FF)
  Destination:          XLXI_1/i_FIFO_Mram_RAM7.SLICEM_F (RAM)
  Requirement:          0.000ns
  Data Path Delay:      1.004ns (Levels of Logic = 1)
  Clock Path Skew:      -0.004ns (0.008 - 0.012)
  Source Clock:         Clk_50MHz_BUFGP rising at 20.000ns
  Destination Clock:    Clk_50MHz_BUFGP rising at 20.000ns
  Clock Uncertainty:    0.000ns

  Minimum Data Path: XLXI_1/i_FIFO_addrWr_0 to XLXI_1/i_FIFO_Mram_RAM7.SLICEM_F
    Location             Delay type         Delay(ns)  Physical Resource
                                                       Logical Resource(s)
    -------------------------------------------------  -------------------
    SLICE_X52Y54.XQ      Tcko                  0.474   XLXI_1/i_FIFO_addrWr<0>
                                                       XLXI_1/i_FIFO_addrWr_0
    SLICE_X52Y56.G1      net (fanout=15)       0.529   XLXI_1/i_FIFO_addrWr<0>
    SLICE_X52Y56.CLK     Tah         (-Th)    -0.001   XLXI_1/NlwRenamedSig_OI_FIFO_DO<6>
                                                       XLXI_1/i_FIFO_Mram_RAM7.SLICEM_F
    -------------------------------------------------  ---------------------------
    Total                                      1.004ns (0.475ns logic, 0.529ns route)
                                                       (47.3% logic, 52.7% route)

--------------------------------------------------------------------------------

Component Switching Limit Checks: NET "Clk_50MHz_BUFGP/IBUFG" PERIOD = 20 ns HIGH 50%;
--------------------------------------------------------------------------------
Slack: 18.348ns (period - (min low pulse limit / (low pulse / period)))
  Period: 20.000ns
  Low pulse: 10.000ns
  Low pulse limit: 0.826ns (Tcl)
  Physical resource: XLXI_1/sregOut<1>/CLK
  Logical resource: XLXI_1/sregOut_1/CK
  Location pin: SLICE_X50Y55.CLK
  Clock network: Clk_50MHz_BUFGP
--------------------------------------------------------------------------------
Slack: 18.348ns (period - (min high pulse limit / (high pulse / period)))
  Period: 20.000ns
  High pulse: 10.000ns
  High pulse limit: 0.826ns (Tch)
  Physical resource: XLXI_1/sregOut<1>/CLK
  Logical resource: XLXI_1/sregOut_1/CK
  Location pin: SLICE_X50Y55.CLK
  Clock network: Clk_50MHz_BUFGP
--------------------------------------------------------------------------------
Slack: 18.348ns (period - min period limit)
  Period: 20.000ns
  Min period limit: 1.652ns (605.327MHz) (Tcp)
  Physical resource: XLXI_1/sregOut<1>/CLK
  Logical resource: XLXI_1/sregOut_1/CK
  Location pin: SLICE_X50Y55.CLK
  Clock network: Clk_50MHz_BUFGP
--------------------------------------------------------------------------------


All constraints were met.


Data Sheet report:
-----------------
All values displayed in nanoseconds (ns)

Clock to Setup on destination clock Clk_50MHz
---------------+---------+---------+---------+---------+
               | Src:Rise| Src:Fall| Src:Rise| Src:Fall|
Source Clock   |Dest:Rise|Dest:Rise|Dest:Fall|Dest:Fall|
---------------+---------+---------+---------+---------+
Clk_50MHz      |    7.707|         |         |         |
---------------+---------+---------+---------+---------+


Timing summary:
---------------

Timing errors: 0  Score: 0  (Setup/Max: 0, Hold: 0)

Constraints cover 1401 paths, 0 nets, and 644 connections

Design statistics:
   Minimum period:   7.707ns{1}   (Maximum frequency: 129.752MHz)


------------------------------------Footnotes-----------------------------------
1)  The minimum period statistic assumes all single cycle delays.

Analysis completed Tue Apr 16 11:04:20 2024 
--------------------------------------------------------------------------------

Trace Settings:
-------------------------
Trace Settings 

Peak Memory Usage: 4511 MB



