AR oled_ctrl behavioral C:/Users/Win7/Desktop/Projekty/UCISW2-OLED/UCISW2_OLED_PROJECT/sources/OLED_Ctrl.vhd sub00/vhpl03 1715884108
AR keyboard_decoder rtl C:/Users/Win7/Desktop/Projekty/UCISW2-OLED/UCISW2_OLED_PROJECT/sources/Keyboard_Decoder.vhd sub00/vhpl09 1715884114
AR i2c_master structure C:/Users/Win7/Desktop/Projekty/UCISW2-OLED/UCISW2_OLED_PROJECT/sources/I2C_Master.vhd sub00/vhpl05 1715884110
AR gamemodule behavioral C:/Users/Win7/Desktop/Projekty/UCISW2-OLED/UCISW2_OLED_PROJECT/sources/GameModule.vhd sub00/vhpl07 1715884112
AR ifd_mxilinx_schemat behavioral C:/Users/Win7/Desktop/Projekty/UCISW2-OLED/UCISW2_OLED_PROJECT/schemat.vhf sub00/vhpl11 1715884116
EN i2c_master NULL C:/Users/Win7/Desktop/Projekty/UCISW2-OLED/UCISW2_OLED_PROJECT/sources/I2C_Master.vhd sub00/vhpl04 1715884109
EN memory NULL C:/Users/Win7/Desktop/Projekty/UCISW2-OLED/UCISW2_OLED_PROJECT/sources/Memory.vhd sub00/vhpl00 1715884105
EN keyboard_decoder NULL C:/Users/Win7/Desktop/Projekty/UCISW2-OLED/UCISW2_OLED_PROJECT/sources/Keyboard_Decoder.vhd sub00/vhpl08 1715884113
AR memory behavioral C:/Users/Win7/Desktop/Projekty/UCISW2-OLED/UCISW2_OLED_PROJECT/sources/Memory.vhd sub00/vhpl01 1715884106
EN gamemodule NULL C:/Users/Win7/Desktop/Projekty/UCISW2-OLED/UCISW2_OLED_PROJECT/sources/GameModule.vhd sub00/vhpl06 1715884111
EN schemat NULL C:/Users/Win7/Desktop/Projekty/UCISW2-OLED/UCISW2_OLED_PROJECT/schemat.vhf sub00/vhpl12 1715884117
AR schemat behavioral C:/Users/Win7/Desktop/Projekty/UCISW2-OLED/UCISW2_OLED_PROJECT/schemat.vhf sub00/vhpl13 1715884118
EN ifd_mxilinx_schemat NULL C:/Users/Win7/Desktop/Projekty/UCISW2-OLED/UCISW2_OLED_PROJECT/schemat.vhf sub00/vhpl10 1715884115
EN oled_ctrl NULL C:/Users/Win7/Desktop/Projekty/UCISW2-OLED/UCISW2_OLED_PROJECT/sources/OLED_Ctrl.vhd sub00/vhpl02 1715884107
