AR keyboard_decoder behavioral C:/Users/lab/Downloads/UCISW2-OLED-main/UCISW2_OLED_PROJECT/sources/Keyboard_Decoder.vhd sub00/vhpl14 1715937046
AR keyboard_decoder rtl C:/Users/lab/Downloads/UCISW2-OLED-main/UCISW2_OLED_PROJECT/sources/Keyboard_Decoder.vhd sub00/vhpl09 1715943254
EN keyboard_decoder NULL C:/Users/lab/Downloads/UCISW2-OLED-main/UCISW2_OLED_PROJECT/sources/Keyboard_Decoder.vhd sub00/vhpl08 1715943253
EN ifd_mxilinx_schemat NULL C:/Users/lab/Downloads/UCISW2-OLED-main/UCISW2_OLED_PROJECT/schemat.vhf sub00/vhpl10 1715943255
AR oled_ctrl behavioral C:/Users/lab/Downloads/UCISW2-OLED-main/UCISW2_OLED_PROJECT/sources/OLED_Ctrl.vhd sub00/vhpl03 1715943248
EN i2c_master NULL C:/Users/lab/Downloads/UCISW2-OLED-main/UCISW2_OLED_PROJECT/sources/I2C_Master.vhd sub00/vhpl04 1715943249
AR i2c_master structure C:/Users/lab/Downloads/UCISW2-OLED-main/UCISW2_OLED_PROJECT/sources/I2C_Master.vhd sub00/vhpl05 1715943250
EN memory NULL C:/Users/lab/Downloads/UCISW2-OLED-main/UCISW2_OLED_PROJECT/sources/Memory.vhd sub00/vhpl00 1715943245
AR gamemodule behavioral C:/Users/lab/Downloads/UCISW2-OLED-main/UCISW2_OLED_PROJECT/sources/GameModule.vhd sub00/vhpl07 1715943252
EN gamemodule NULL C:/Users/lab/Downloads/UCISW2-OLED-main/UCISW2_OLED_PROJECT/sources/GameModule.vhd sub00/vhpl06 1715943251
EN schemat NULL C:/Users/lab/Downloads/UCISW2-OLED-main/UCISW2_OLED_PROJECT/schemat.vhf sub00/vhpl12 1715943257
AR memory behavioral C:/Users/lab/Downloads/UCISW2-OLED-main/UCISW2_OLED_PROJECT/sources/Memory.vhd sub00/vhpl01 1715943246
AR schemat behavioral C:/Users/lab/Downloads/UCISW2-OLED-main/UCISW2_OLED_PROJECT/schemat.vhf sub00/vhpl13 1715943258
EN oled_ctrl NULL C:/Users/lab/Downloads/UCISW2-OLED-main/UCISW2_OLED_PROJECT/sources/OLED_Ctrl.vhd sub00/vhpl02 1715943247
AR ifd_mxilinx_schemat behavioral C:/Users/lab/Downloads/UCISW2-OLED-main/UCISW2_OLED_PROJECT/schemat.vhf sub00/vhpl11 1715943256
