EN ifd_mxilinx_schemat NULL C:/Users/vboxuser/Desktop/UCISW2-OLED-main/UCISW2_OLED_PROJECT/schemat.vhf sub00/vhpl07 1715621885
AR oled_ctrl behavioral C:/Users/vboxuser/Desktop/UCISW2-OLED-main/UCISW2_OLED_PROJECT/sources/OLED_Ctrl.vhd sub00/vhpl01 1715621882
EN i2c_master NULL C:/Users/vboxuser/Desktop/UCISW2-OLED-main/UCISW2_OLED_PROJECT/sources/I2C_Master.vhd sub00/vhpl05 1715621883
AR i2c_master structure C:/Users/vboxuser/Desktop/UCISW2-OLED-main/UCISW2_OLED_PROJECT/sources/I2C_Master.vhd sub00/vhpl06 1715621884
EN memory NULL C:/Users/vboxuser/Desktop/UCISW2-OLED-main/UCISW2_OLED_PROJECT/sources/Memory.vhd sub00/vhpl03 1715621879
EN schemat NULL C:/Users/vboxuser/Desktop/UCISW2-OLED-main/UCISW2_OLED_PROJECT/schemat.vhf sub00/vhpl09 1715621887
AR memory behavioral C:/Users/vboxuser/Desktop/UCISW2-OLED-main/UCISW2_OLED_PROJECT/sources/Memory.vhd sub00/vhpl04 1715621880
AR schemat behavioral C:/Users/vboxuser/Desktop/UCISW2-OLED-main/UCISW2_OLED_PROJECT/schemat.vhf sub00/vhpl10 1715621888
EN oled_ctrl NULL C:/Users/vboxuser/Desktop/UCISW2-OLED-main/UCISW2_OLED_PROJECT/sources/OLED_Ctrl.vhd sub00/vhpl00 1715621881
EN tbw_oled_ctrl NULL C:/Users/lab/Downloads/UCISW2-OLED/UCISW2_OLED_PROJECT/sources/tbw_OLED_Ctrl.vhd sub00/vhpl02 1714470673
AR ifd_mxilinx_schemat behavioral C:/Users/vboxuser/Desktop/UCISW2-OLED-main/UCISW2_OLED_PROJECT/schemat.vhf sub00/vhpl08 1715621886
