V3 53
FL C:/Users/lab/Downloads/UCISW2-OLED/UCISW2_OLED_PROJECT/schemat.vhf 2024/04/30.10:27:40 P.20131013
FL C:/Users/lab/Downloads/UCISW2-OLED/UCISW2_OLED_PROJECT/sources/I2C_Master.vhd 2024/04/30.03:07:45 P.20131013
FL C:/Users/lab/Downloads/UCISW2-OLED/UCISW2_OLED_PROJECT/sources/Memory.vhd 2024/04/30.12:46:53 P.20131013
FL C:/Users/lab/Downloads/UCISW2-OLED/UCISW2_OLED_PROJECT/sources/OLED_Ctrl.vhd 2024/04/30.12:56:05 P.20131013
FL C:/Users/lab/Downloads/UCISW2-OLED/UCISW2_OLED_PROJECT/sources/tbw_OLED_Ctrl.vhd 2024/04/30.03:07:45 P.20131013
EN work/tbw_OLED_Ctrl 0 \
      FL C:/Users/lab/Downloads/UCISW2-OLED/UCISW2_OLED_PROJECT/sources/tbw_OLED_Ctrl.vhd \
      PB ieee/std_logic_1164 1381692176 PB ieee/NUMERIC_STD 1381692181
AR work/tbw_OLED_Ctrl/behavior 0 \
      FL C:/Users/lab/Downloads/UCISW2-OLED/UCISW2_OLED_PROJECT/sources/tbw_OLED_Ctrl.vhd \
      EN work/tbw_OLED_Ctrl 0 CP OLED_Ctrl
FL C:/Users/vboxuser/Desktop/UCISW2-OLED-main/UCISW2_OLED_PROJECT/schemat.vhf 2024/05/13.19:35:54 P.20131013
EN work/IFD_MXILINX_schemat 1715621885 \
      FL C:/Users/vboxuser/Desktop/UCISW2-OLED-main/UCISW2_OLED_PROJECT/schemat.vhf \
      PB ieee/std_logic_1164 1381692176 PB ieee/NUMERIC_STD 1381692181 LB UNISIM \
      PH unisim/VCOMPONENTS 1381692182
AR work/IFD_MXILINX_schemat/BEHAVIORAL 1715621886 \
      FL C:/Users/vboxuser/Desktop/UCISW2-OLED-main/UCISW2_OLED_PROJECT/schemat.vhf \
      EN work/IFD_MXILINX_schemat 1715621885 CP FDCE CP IBUF CP VCC CP GND
EN work/schemat 1715621887 \
      FL C:/Users/vboxuser/Desktop/UCISW2-OLED-main/UCISW2_OLED_PROJECT/schemat.vhf \
      PB ieee/std_logic_1164 1381692176 PB ieee/NUMERIC_STD 1381692181 LB UNISIM \
      PH unisim/VCOMPONENTS 1381692182
AR work/schemat/BEHAVIORAL 1715621888 \
      FL C:/Users/vboxuser/Desktop/UCISW2-OLED-main/UCISW2_OLED_PROJECT/schemat.vhf \
      EN work/schemat 1715621887 CP Memory CP OLED_Ctrl CP IFD_MXILINX_schemat \
      CP I2C_Master
FL C:/Users/vboxuser/Desktop/UCISW2-OLED-main/UCISW2_OLED_PROJECT/sources/I2C_Master.vhd 2024/05/07.07:56:18 P.20131013
EN work/I2C_Master 1715621883 \
      FL C:/Users/vboxuser/Desktop/UCISW2-OLED-main/UCISW2_OLED_PROJECT/sources/I2C_Master.vhd \
      PB ieee/std_logic_1164 1381692176 LB UNISIM PH unisim/VCOMPONENTS 1381692182
AR work/I2C_Master/STRUCTURE 1715621884 \
      FL C:/Users/vboxuser/Desktop/UCISW2-OLED-main/UCISW2_OLED_PROJECT/sources/I2C_Master.vhd \
      EN work/I2C_Master 1715621883 CP GND CP VCC CP FDE CP FDRE CP FDR CP MUXCY \
      CP XORCY CP IOBUF CP FDS CP RAM16X1D CP LUT2 CP LUT3 CP LUT4 CP FDRS CP LUT1 \
      CP MUXF5 CP INV CP LUT4_D CP LUT2_L CP LUT3_L CP LUT4_L CP LUT3_D CP LUT2_D
FL C:/Users/vboxuser/Desktop/UCISW2-OLED-main/UCISW2_OLED_PROJECT/sources/Memory.vhd 2024/05/13.19:37:44 P.20131013
EN work/Memory 1715621879 \
      FL C:/Users/vboxuser/Desktop/UCISW2-OLED-main/UCISW2_OLED_PROJECT/sources/Memory.vhd \
      PB ieee/std_logic_1164 1381692176 PB ieee/STD_LOGIC_UNSIGNED 1381692179
AR work/Memory/Behavioral 1715621880 \
      FL C:/Users/vboxuser/Desktop/UCISW2-OLED-main/UCISW2_OLED_PROJECT/sources/Memory.vhd \
      EN work/Memory 1715621879
FL C:/Users/vboxuser/Desktop/UCISW2-OLED-main/UCISW2_OLED_PROJECT/sources/OLED_Ctrl.vhd 2024/05/07.07:56:18 P.20131013
EN work/OLED_Ctrl 1715621881 \
      FL C:/Users/vboxuser/Desktop/UCISW2-OLED-main/UCISW2_OLED_PROJECT/sources/OLED_Ctrl.vhd \
      PB ieee/std_logic_1164 1381692176 PB ieee/NUMERIC_STD 1381692181
AR work/OLED_Ctrl/Behavioral 1715621882 \
      FL C:/Users/vboxuser/Desktop/UCISW2-OLED-main/UCISW2_OLED_PROJECT/sources/OLED_Ctrl.vhd \
      EN work/OLED_Ctrl 1715621881
FL C:/Users/Win7/Desktop/Projekty/UCISW2_OLED_PROJECT/sources/OLED_Ctrl.vhd 2024/04/30.02:13:35 P.20131013
FL C:/Users/Win7/Desktop/Projekty/UCISW2_OLED_PROJECT/sources/tbw_OLED_Ctrl.vhd 2024/04/29.22:22:24 P.20131013
