V3 66
FL "C:/Users/lab/Downloads/UCISW2-OLED-main (1)/UCISW2-OLED-main/UCISW2_OLED_PROJECT/schemat.vhf" 2024/05/27.22:28:44 P.20131013
EN work/IFD_MXILINX_schemat 1716892772 \
      FL "C:/Users/lab/Downloads/UCISW2-OLED-main (1)/UCISW2-OLED-main/UCISW2_OLED_PROJECT/schemat.vhf" \
      PB ieee/std_logic_1164 1381692176 PB ieee/NUMERIC_STD 1381692181 LB UNISIM \
      PH unisim/VCOMPONENTS 1381692182
AR work/IFD_MXILINX_schemat/BEHAVIORAL 1716892773 \
      FL "C:/Users/lab/Downloads/UCISW2-OLED-main (1)/UCISW2-OLED-main/UCISW2_OLED_PROJECT/schemat.vhf" \
      EN work/IFD_MXILINX_schemat 1716892772 CP FDCE CP IBUF CP VCC CP GND
EN work/schemat 1716892774 \
      FL "C:/Users/lab/Downloads/UCISW2-OLED-main (1)/UCISW2-OLED-main/UCISW2_OLED_PROJECT/schemat.vhf" \
      PB ieee/std_logic_1164 1381692176 PB ieee/NUMERIC_STD 1381692181 LB UNISIM \
      PH unisim/VCOMPONENTS 1381692182
AR work/schemat/BEHAVIORAL 1716892775 \
      FL "C:/Users/lab/Downloads/UCISW2-OLED-main (1)/UCISW2-OLED-main/UCISW2_OLED_PROJECT/schemat.vhf" \
      EN work/schemat 1716892774 CP Memory CP OLED_Ctrl CP IFD_MXILINX_schemat \
      CP I2C_Master CP GameModule CP Keyboard_Decoder CP PS2_Kbd CP LCD2x64
FL "C:/Users/lab/Downloads/UCISW2-OLED-main (1)/UCISW2-OLED-main/UCISW2_OLED_PROJECT/sources/GameModule.vhd" 2024/05/28.12:39:01 P.20131013
EN work/GameModule 1716892768 \
      FL "C:/Users/lab/Downloads/UCISW2-OLED-main (1)/UCISW2-OLED-main/UCISW2_OLED_PROJECT/sources/GameModule.vhd" \
      PB ieee/std_logic_1164 1381692176 PB ieee/NUMERIC_STD 1381692181
AR work/GameModule/Behavioral 1716892769 \
      FL "C:/Users/lab/Downloads/UCISW2-OLED-main (1)/UCISW2-OLED-main/UCISW2_OLED_PROJECT/sources/GameModule.vhd" \
      EN work/GameModule 1716892768
FL "C:/Users/lab/Downloads/UCISW2-OLED-main (1)/UCISW2-OLED-main/UCISW2_OLED_PROJECT/sources/I2C_Master.vhd" 2024/05/27.22:28:44 P.20131013
EN work/I2C_Master 1716892766 \
      FL "C:/Users/lab/Downloads/UCISW2-OLED-main (1)/UCISW2-OLED-main/UCISW2_OLED_PROJECT/sources/I2C_Master.vhd" \
      PB ieee/std_logic_1164 1381692176 LB UNISIM PH unisim/VCOMPONENTS 1381692182
AR work/I2C_Master/STRUCTURE 1716892767 \
      FL "C:/Users/lab/Downloads/UCISW2-OLED-main (1)/UCISW2-OLED-main/UCISW2_OLED_PROJECT/sources/I2C_Master.vhd" \
      EN work/I2C_Master 1716892766 CP GND CP VCC CP FDE CP FDRE CP FDR CP MUXCY \
      CP XORCY CP IOBUF CP FDS CP RAM16X1D CP LUT2 CP LUT3 CP LUT4 CP FDRS CP LUT1 \
      CP MUXF5 CP INV CP LUT4_D CP LUT2_L CP LUT3_L CP LUT4_L CP LUT3_D CP LUT2_D
FL "C:/Users/lab/Downloads/UCISW2-OLED-main (1)/UCISW2-OLED-main/UCISW2_OLED_PROJECT/sources/Keyboard_Decoder.vhd" 2024/05/27.22:28:44 P.20131013
EN work/Keyboard_Decoder 1716892770 \
      FL "C:/Users/lab/Downloads/UCISW2-OLED-main (1)/UCISW2-OLED-main/UCISW2_OLED_PROJECT/sources/Keyboard_Decoder.vhd" \
      PB ieee/std_logic_1164 1381692176
AR work/Keyboard_Decoder/RTL 1716892771 \
      FL "C:/Users/lab/Downloads/UCISW2-OLED-main (1)/UCISW2-OLED-main/UCISW2_OLED_PROJECT/sources/Keyboard_Decoder.vhd" \
      EN work/Keyboard_Decoder 1716892770
FL "C:/Users/lab/Downloads/UCISW2-OLED-main (1)/UCISW2-OLED-main/UCISW2_OLED_PROJECT/sources/Memory.vhd" 2024/05/27.22:28:44 P.20131013
EN work/Memory 1716892762 \
      FL "C:/Users/lab/Downloads/UCISW2-OLED-main (1)/UCISW2-OLED-main/UCISW2_OLED_PROJECT/sources/Memory.vhd" \
      PB ieee/std_logic_1164 1381692176 PB ieee/STD_LOGIC_UNSIGNED 1381692179
AR work/Memory/Behavioral 1716892763 \
      FL "C:/Users/lab/Downloads/UCISW2-OLED-main (1)/UCISW2-OLED-main/UCISW2_OLED_PROJECT/sources/Memory.vhd" \
      EN work/Memory 1716892762
FL "C:/Users/lab/Downloads/UCISW2-OLED-main (1)/UCISW2-OLED-main/UCISW2_OLED_PROJECT/sources/OLED_Ctrl.vhd" 2024/05/27.22:28:44 P.20131013
EN work/OLED_Ctrl 1716892764 \
      FL "C:/Users/lab/Downloads/UCISW2-OLED-main (1)/UCISW2-OLED-main/UCISW2_OLED_PROJECT/sources/OLED_Ctrl.vhd" \
      PB ieee/std_logic_1164 1381692176 PB ieee/NUMERIC_STD 1381692181
AR work/OLED_Ctrl/Behavioral 1716892765 \
      FL "C:/Users/lab/Downloads/UCISW2-OLED-main (1)/UCISW2-OLED-main/UCISW2_OLED_PROJECT/sources/OLED_Ctrl.vhd" \
      EN work/OLED_Ctrl 1716892764
FL C:/Users/lab/Downloads/UCISW2-OLED-main/UCISW2_OLED_PROJECT/schemat.vhf 2024/05/17.12:45:39 P.20131013
FL C:/Users/lab/Downloads/UCISW2-OLED-main/UCISW2_OLED_PROJECT/sources/GameModule.vhd 2024/05/17.12:54:02 P.20131013
FL C:/Users/lab/Downloads/UCISW2-OLED-main/UCISW2_OLED_PROJECT/sources/I2C_Master.vhd 2024/05/16.23:23:44 P.20131013
FL C:/Users/lab/Downloads/UCISW2-OLED-main/UCISW2_OLED_PROJECT/sources/Keyboard_Decoder.vhd 2024/05/17.11:50:29 P.20131013
FL C:/Users/lab/Downloads/UCISW2-OLED-main/UCISW2_OLED_PROJECT/sources/Memory.vhd 2024/05/16.23:23:44 P.20131013
FL C:/Users/lab/Downloads/UCISW2-OLED-main/UCISW2_OLED_PROJECT/sources/OLED_Ctrl.vhd 2024/05/16.23:23:44 P.20131013
FL C:/Users/Win7/Desktop/Projekty/UCISW2-OLED/UCISW2_OLED_PROJECT/schemat.vhf 2024/05/27.22:15:50 P.20131013
FL C:/Users/Win7/Desktop/Projekty/UCISW2-OLED/UCISW2_OLED_PROJECT/sources/GameModule.vhd 2024/05/27.22:14:50 P.20131013
FL C:/Users/Win7/Desktop/Projekty/UCISW2-OLED/UCISW2_OLED_PROJECT/sources/I2C_Master.vhd 2024/05/27.21:01:22 P.20131013
FL C:/Users/Win7/Desktop/Projekty/UCISW2-OLED/UCISW2_OLED_PROJECT/sources/Keyboard_Decoder.vhd 2024/05/27.21:01:22 P.20131013
FL C:/Users/Win7/Desktop/Projekty/UCISW2-OLED/UCISW2_OLED_PROJECT/sources/Memory.vhd 2024/05/27.21:01:22 P.20131013
FL C:/Users/Win7/Desktop/Projekty/UCISW2-OLED/UCISW2_OLED_PROJECT/sources/OLED_Ctrl.vhd 2024/05/27.21:01:22 P.20131013
